Sep 22 01:34:12 raspberrypi kernel: [    0.000000] Booting Linux on physical CPU 0x0
Sep 22 01:34:12 raspberrypi kernel: [    0.000000] Linux version 5.15.61-v7l+ (dom@buildbot) (arm-linux-gnueabihf-gcc-8 (Ubuntu/Linaro 8.4.0-3ubuntu1) 8.4.0, GNU ld (GNU Binutils for Ubuntu) 2.34) #1579 SMP Fri Aug 26 11:13:03 BST 2022
Sep 22 01:34:12 raspberrypi kernel: [    0.000000] CPU: ARMv7 Processor [410fd083] revision 3 (ARMv7), cr=30c5383d
Sep 22 01:34:12 raspberrypi kernel: [    0.000000] CPU: div instructions available: patching division code
Sep 22 01:34:12 raspberrypi kernel: [    0.000000] CPU: PIPT / VIPT nonaliasing data cache, PIPT instruction cache
Sep 22 01:34:12 raspberrypi kernel: [    0.000000] OF: fdt: Machine model: Raspberry Pi 4 Model B Rev 1.5
Sep 22 01:34:12 raspberrypi kernel: [    0.000000] random: crng init done
Sep 22 01:34:12 raspberrypi kernel: [    0.000000] Memory policy: Data cache writealloc
Sep 22 01:34:12 raspberrypi kernel: [    0.000000] Reserved memory: created CMA memory pool at 0x000000001ac00000, size 320 MiB
Sep 22 01:34:12 raspberrypi kernel: [    0.000000] OF: reserved mem: initialized node linux,cma, compatible id shared-dma-pool
Sep 22 01:34:12 raspberrypi kernel: [    0.000000] Zone ranges:
Sep 22 01:34:12 raspberrypi kernel: [    0.000000]   DMA      [mem 0x0000000000000000-0x000000002fffffff]
Sep 22 01:34:12 raspberrypi kernel: [    0.000000]   Normal   empty
Sep 22 01:34:12 raspberrypi kernel: [    0.000000]   HighMem  [mem 0x0000000030000000-0x00000001ffffffff]
Sep 22 01:34:12 raspberrypi kernel: [    0.000000] Movable zone start for each node
Sep 22 01:34:12 raspberrypi kernel: [    0.000000] Early memory node ranges
Sep 22 01:34:12 raspberrypi kernel: [    0.000000]   node   0: [mem 0x0000000000000000-0x000000003b3fffff]
Sep 22 01:34:12 raspberrypi kernel: [    0.000000]   node   0: [mem 0x0000000040000000-0x00000000fbffffff]
Sep 22 01:34:12 raspberrypi kernel: [    0.000000]   node   0: [mem 0x0000000100000000-0x00000001ffffffff]
Sep 22 01:34:12 raspberrypi kernel: [    0.000000] Initmem setup node 0 [mem 0x0000000000000000-0x00000001ffffffff]
Sep 22 01:34:12 raspberrypi kernel: [    0.000000] percpu: Embedded 16 pages/cpu s35788 r8192 d21556 u65536
Sep 22 01:34:12 raspberrypi kernel: [    0.000000] pcpu-alloc: s35788 r8192 d21556 u65536 alloc=16*4096
Sep 22 01:34:12 raspberrypi kernel: [    0.000000] pcpu-alloc: [0] 0 [0] 1 [0] 2 [0] 3 
Sep 22 01:34:12 raspberrypi kernel: [    0.000000] Built 1 zonelists, mobility grouping on.  Total pages: 2059584
Sep 22 01:34:12 raspberrypi kernel: [    0.000000] Kernel command line: coherent_pool=1M 8250.nr_uarts=0 snd_bcm2835.enable_compat_alsa=0 snd_bcm2835.enable_hdmi=1 video=HDMI-A-1:1920x1200M@60 smsc95xx.macaddr=E4:5F:01:DA:FF:30 vc_mem.mem_base=0x3ec00000 vc_mem.mem_size=0x40000000  console=ttyS0,115200 console=tty1 root=PARTUUID=c8e52268-02 rootfstype=ext4 fsck.repair=yes rootwait quiet splash plymouth.ignore-serial-consoles
Sep 22 01:34:12 raspberrypi kernel: [    0.000000] Unknown kernel command line parameters "splash", will be passed to user space.
Sep 22 01:34:12 raspberrypi kernel: [    0.000000] Dentry cache hash table entries: 131072 (order: 7, 524288 bytes, linear)
Sep 22 01:34:12 raspberrypi kernel: [    0.000000] Inode-cache hash table entries: 65536 (order: 6, 262144 bytes, linear)
Sep 22 01:34:12 raspberrypi kernel: [    0.000000] mem auto-init: stack:off, heap alloc:off, heap free:off
Sep 22 01:34:12 raspberrypi kernel: [    0.000000] software IO TLB: mapped [mem 0x0000000012400000-0x0000000016400000] (64MB)
Sep 22 01:34:12 raspberrypi kernel: [    0.000000] Memory: 7758764K/8245248K available (10240K kernel code, 1385K rwdata, 3304K rodata, 2048K init, 592K bss, 158804K reserved, 327680K cma-reserved, 7458816K highmem)
Sep 22 01:34:12 raspberrypi kernel: [    0.000000] SLUB: HWalign=64, Order=0-3, MinObjects=0, CPUs=4, Nodes=1
Sep 22 01:34:12 raspberrypi kernel: [    0.000000] ftrace: allocating 35501 entries in 105 pages
Sep 22 01:34:12 raspberrypi kernel: [    0.000000] ftrace: allocated 105 pages with 4 groups
Sep 22 01:34:12 raspberrypi kernel: [    0.000000] trace event string verifier disabled
Sep 22 01:34:12 raspberrypi kernel: [    0.000000] rcu: Hierarchical RCU implementation.
Sep 22 01:34:12 raspberrypi kernel: [    0.000000] 	Rude variant of Tasks RCU enabled.
Sep 22 01:34:12 raspberrypi kernel: [    0.000000] 	Tracing variant of Tasks RCU enabled.
Sep 22 01:34:12 raspberrypi kernel: [    0.000000] rcu: RCU calculated value of scheduler-enlistment delay is 10 jiffies.
Sep 22 01:34:12 raspberrypi kernel: [    0.000000] NR_IRQS: 16, nr_irqs: 16, preallocated irqs: 16
Sep 22 01:34:12 raspberrypi kernel: [    0.000000] GIC: Using split EOI/Deactivate mode
Sep 22 01:34:12 raspberrypi kernel: [    0.000000] irq_brcmstb_l2: registered L2 intc (/soc/interrupt-controller@7ef00100, parent irq: 25)
Sep 22 01:34:12 raspberrypi kernel: [    0.000000] arch_timer: cp15 timer(s) running at 54.00MHz (phys).
Sep 22 01:34:12 raspberrypi kernel: [    0.000000] clocksource: arch_sys_counter: mask: 0xffffffffffffff max_cycles: 0xc743ce346, max_idle_ns: 440795203123 ns
Sep 22 01:34:12 raspberrypi kernel: [    0.000000] sched_clock: 56 bits at 54MHz, resolution 18ns, wraps every 4398046511102ns
Sep 22 01:34:12 raspberrypi kernel: [    0.000019] Switching to timer-based delay loop, resolution 18ns
Sep 22 01:34:12 raspberrypi kernel: [    0.000369] Console: colour dummy device 80x30
Sep 22 01:34:12 raspberrypi kernel: [    0.000435] printk: console [tty1] enabled
Sep 22 01:34:12 raspberrypi kernel: [    0.000501] Calibrating delay loop (skipped), value calculated using timer frequency.. 108.00 BogoMIPS (lpj=540000)
Sep 22 01:34:12 raspberrypi kernel: [    0.000532] pid_max: default: 32768 minimum: 301
Sep 22 01:34:12 raspberrypi kernel: [    0.000674] LSM: Security Framework initializing
Sep 22 01:34:12 raspberrypi kernel: [    0.000886] Mount-cache hash table entries: 2048 (order: 1, 8192 bytes, linear)
Sep 22 01:34:12 raspberrypi kernel: [    0.000914] Mountpoint-cache hash table entries: 2048 (order: 1, 8192 bytes, linear)
Sep 22 01:34:12 raspberrypi kernel: [    0.002534] cgroup: Disabling memory control group subsystem
Sep 22 01:34:12 raspberrypi kernel: [    0.002789] CPU: Testing write buffer coherency: ok
Sep 22 01:34:12 raspberrypi kernel: [    0.002851] CPU0: Spectre BHB: enabling loop workaround for all CPUs
Sep 22 01:34:12 raspberrypi kernel: [    0.003329] CPU0: thread -1, cpu 0, socket 0, mpidr 80000000
Sep 22 01:34:12 raspberrypi kernel: [    0.004725] Setting up static identity map for 0x200000 - 0x20003c
Sep 22 01:34:12 raspberrypi kernel: [    0.004930] rcu: Hierarchical SRCU implementation.
Sep 22 01:34:12 raspberrypi kernel: [    0.005961] smp: Bringing up secondary CPUs ...
Sep 22 01:34:12 raspberrypi kernel: [    0.007191] CPU1: thread -1, cpu 1, socket 0, mpidr 80000001
Sep 22 01:34:12 raspberrypi kernel: [    0.008537] CPU2: thread -1, cpu 2, socket 0, mpidr 80000002
Sep 22 01:34:12 raspberrypi kernel: [    0.009844] CPU3: thread -1, cpu 3, socket 0, mpidr 80000003
Sep 22 01:34:12 raspberrypi kernel: [    0.010054] smp: Brought up 1 node, 4 CPUs
Sep 22 01:34:12 raspberrypi kernel: [    0.010079] SMP: Total of 4 processors activated (432.00 BogoMIPS).
Sep 22 01:34:12 raspberrypi kernel: [    0.010098] CPU: All CPU(s) started in HYP mode.
Sep 22 01:34:12 raspberrypi kernel: [    0.010112] CPU: Virtualization extensions available.
Sep 22 01:34:12 raspberrypi kernel: [    0.010931] devtmpfs: initialized
Sep 22 01:34:12 raspberrypi kernel: [    0.026338] VFP support v0.3: implementor 41 architecture 3 part 40 variant 8 rev 0
Sep 22 01:34:12 raspberrypi kernel: [    0.026560] clocksource: jiffies: mask: 0xffffffff max_cycles: 0xffffffff, max_idle_ns: 19112604462750000 ns
Sep 22 01:34:12 raspberrypi kernel: [    0.026596] futex hash table entries: 1024 (order: 4, 65536 bytes, linear)
Sep 22 01:34:12 raspberrypi kernel: [    0.037011] pinctrl core: initialized pinctrl subsystem
Sep 22 01:34:12 raspberrypi kernel: [    0.038353] NET: Registered PF_NETLINK/PF_ROUTE protocol family
Sep 22 01:34:12 raspberrypi kernel: [    0.042993] DMA: preallocated 1024 KiB pool for atomic coherent allocations
Sep 22 01:34:12 raspberrypi kernel: [    0.043813] audit: initializing netlink subsys (disabled)
Sep 22 01:34:12 raspberrypi kernel: [    0.044090] audit: type=2000 audit(0.040:1): state=initialized audit_enabled=0 res=1
Sep 22 01:34:12 raspberrypi kernel: [    0.044776] thermal_sys: Registered thermal governor 'step_wise'
Sep 22 01:34:12 raspberrypi kernel: [    0.045601] hw-breakpoint: found 5 (+1 reserved) breakpoint and 4 watchpoint registers.
Sep 22 01:34:12 raspberrypi kernel: [    0.045622] hw-breakpoint: maximum watchpoint size is 8 bytes.
Sep 22 01:34:12 raspberrypi kernel: [    0.046047] Serial: AMBA PL011 UART driver
Sep 22 01:34:12 raspberrypi kernel: [    0.059960] bcm2835-mbox fe00b880.mailbox: mailbox enabled
Sep 22 01:34:12 raspberrypi kernel: [    0.100093] raspberrypi-firmware soc:firmware: Attached to firmware from 2022-08-26T14:03:16, variant start
Sep 22 01:34:12 raspberrypi kernel: [    0.110110] raspberrypi-firmware soc:firmware: Firmware hash is 102f1e848393c2112206fadffaaf86db04e98326
Sep 22 01:34:12 raspberrypi kernel: [    0.169108] Kprobes globally optimized
Sep 22 01:34:12 raspberrypi kernel: [    0.175255] bcm2835-dma fe007000.dma: DMA legacy API manager, dmachans=0x1
Sep 22 01:34:12 raspberrypi kernel: [    0.179843] vgaarb: loaded
Sep 22 01:34:12 raspberrypi kernel: [    0.180922] SCSI subsystem initialized
Sep 22 01:34:12 raspberrypi kernel: [    0.181169] usbcore: registered new interface driver usbfs
Sep 22 01:34:12 raspberrypi kernel: [    0.181232] usbcore: registered new interface driver hub
Sep 22 01:34:12 raspberrypi kernel: [    0.181318] usbcore: registered new device driver usb
Sep 22 01:34:12 raspberrypi kernel: [    0.181730] usb_phy_generic phy: supply vcc not found, using dummy regulator
Sep 22 01:34:12 raspberrypi kernel: [    0.181930] usb_phy_generic phy: dummy supplies not allowed for exclusive requests
Sep 22 01:34:12 raspberrypi kernel: [    0.182261] pps_core: LinuxPPS API ver. 1 registered
Sep 22 01:34:12 raspberrypi kernel: [    0.182276] pps_core: Software ver. 5.3.6 - Copyright 2005-2007 Rodolfo Giometti <giometti@linux.it>
Sep 22 01:34:12 raspberrypi kernel: [    0.182306] PTP clock support registered
Sep 22 01:34:12 raspberrypi kernel: [    0.184071] clocksource: Switched to clocksource arch_sys_counter
Sep 22 01:34:12 raspberrypi kernel: [    0.264852] VFS: Disk quotas dquot_6.6.0
Sep 22 01:34:12 raspberrypi kernel: [    0.264962] VFS: Dquot-cache hash table entries: 1024 (order 0, 4096 bytes)
Sep 22 01:34:12 raspberrypi kernel: [    0.265154] FS-Cache: Loaded
Sep 22 01:34:12 raspberrypi kernel: [    0.265382] CacheFiles: Loaded
Sep 22 01:34:12 raspberrypi kernel: [    0.266547] simple-framebuffer 3e330000.framebuffer: framebuffer at 0x3e330000, 0x8ca000 bytes
Sep 22 01:34:12 raspberrypi kernel: [    0.266570] simple-framebuffer 3e330000.framebuffer: format=a8r8g8b8, mode=1920x1200x32, linelength=7680
Sep 22 01:34:12 raspberrypi kernel: [    0.267145] Console: switching to colour frame buffer device 240x75
Sep 22 01:34:12 raspberrypi kernel: [    0.279077] simple-framebuffer 3e330000.framebuffer: fb0: simplefb registered!
Sep 22 01:34:12 raspberrypi kernel: [    0.289309] NET: Registered PF_INET protocol family
Sep 22 01:34:12 raspberrypi kernel: [    0.289573] IP idents hash table entries: 16384 (order: 5, 131072 bytes, linear)
Sep 22 01:34:12 raspberrypi kernel: [    0.291225] tcp_listen_portaddr_hash hash table entries: 512 (order: 0, 6144 bytes, linear)
Sep 22 01:34:12 raspberrypi kernel: [    0.291261] Table-perturb hash table entries: 65536 (order: 6, 262144 bytes, linear)
Sep 22 01:34:12 raspberrypi kernel: [    0.291286] TCP established hash table entries: 8192 (order: 3, 32768 bytes, linear)
Sep 22 01:34:12 raspberrypi kernel: [    0.291354] TCP bind hash table entries: 8192 (order: 4, 65536 bytes, linear)
Sep 22 01:34:12 raspberrypi kernel: [    0.291432] TCP: Hash tables configured (established 8192 bind 8192)
Sep 22 01:34:12 raspberrypi kernel: [    0.291595] UDP hash table entries: 512 (order: 2, 16384 bytes, linear)
Sep 22 01:34:12 raspberrypi kernel: [    0.291638] UDP-Lite hash table entries: 512 (order: 2, 16384 bytes, linear)
Sep 22 01:34:12 raspberrypi kernel: [    0.291910] NET: Registered PF_UNIX/PF_LOCAL protocol family
Sep 22 01:34:12 raspberrypi kernel: [    0.295009] RPC: Registered named UNIX socket transport module.
Sep 22 01:34:12 raspberrypi kernel: [    0.295026] RPC: Registered udp transport module.
Sep 22 01:34:12 raspberrypi kernel: [    0.295041] RPC: Registered tcp transport module.
Sep 22 01:34:12 raspberrypi kernel: [    0.295054] RPC: Registered tcp NFSv4.1 backchannel transport module.
Sep 22 01:34:12 raspberrypi kernel: [    0.295079] PCI: CLS 0 bytes, default 64
Sep 22 01:34:12 raspberrypi kernel: [    1.333087] hw perfevents: enabled with armv7_cortex_a7 PMU driver, 7 counters available
Sep 22 01:34:12 raspberrypi kernel: [    1.335787] Initialise system trusted keyrings
Sep 22 01:34:12 raspberrypi kernel: [    1.336106] workingset: timestamp_bits=14 max_order=21 bucket_order=7
Sep 22 01:34:12 raspberrypi kernel: [    1.345322] zbud: loaded
Sep 22 01:34:12 raspberrypi kernel: [    1.347368] FS-Cache: Netfs 'nfs' registered for caching
Sep 22 01:34:12 raspberrypi kernel: [    1.348238] NFS: Registering the id_resolver key type
Sep 22 01:34:12 raspberrypi kernel: [    1.348278] Key type id_resolver registered
Sep 22 01:34:12 raspberrypi kernel: [    1.348293] Key type id_legacy registered
Sep 22 01:34:12 raspberrypi kernel: [    1.348430] nfs4filelayout_init: NFSv4 File Layout Driver Registering...
Sep 22 01:34:12 raspberrypi kernel: [    1.348448] nfs4flexfilelayout_init: NFSv4 Flexfile Layout Driver Registering...
Sep 22 01:34:12 raspberrypi kernel: [    1.349583] Key type asymmetric registered
Sep 22 01:34:12 raspberrypi kernel: [    1.349600] Asymmetric key parser 'x509' registered
Sep 22 01:34:12 raspberrypi kernel: [    1.349829] bounce: pool size: 64 pages
Sep 22 01:34:12 raspberrypi kernel: [    1.349908] Block layer SCSI generic (bsg) driver version 0.4 loaded (major 247)
Sep 22 01:34:12 raspberrypi kernel: [    1.350139] io scheduler mq-deadline registered
Sep 22 01:34:12 raspberrypi kernel: [    1.350155] io scheduler kyber registered
Sep 22 01:34:12 raspberrypi kernel: [    1.359670] brcm-pcie fd500000.pcie: host bridge /scb/pcie@7d500000 ranges:
Sep 22 01:34:12 raspberrypi kernel: [    1.359713] brcm-pcie fd500000.pcie:   No bus range found for /scb/pcie@7d500000, using [bus 00-ff]
Sep 22 01:34:12 raspberrypi kernel: [    1.359807] brcm-pcie fd500000.pcie:      MEM 0x0600000000..0x063fffffff -> 0x00c0000000
Sep 22 01:34:12 raspberrypi kernel: [    1.359899] brcm-pcie fd500000.pcie:   IB MEM 0x0000000000..0x01ffffffff -> 0x0400000000
Sep 22 01:34:12 raspberrypi kernel: [    1.416175] brcm-pcie fd500000.pcie: link up, 5.0 GT/s PCIe x1 (SSC)
Sep 22 01:34:12 raspberrypi kernel: [    1.416592] brcm-pcie fd500000.pcie: PCI host bridge to bus 0000:00
Sep 22 01:34:12 raspberrypi kernel: [    1.416613] pci_bus 0000:00: root bus resource [bus 00-ff]
Sep 22 01:34:12 raspberrypi kernel: [    1.416635] pci_bus 0000:00: root bus resource [mem 0x600000000-0x63fffffff] (bus address [0xc0000000-0xffffffff])
Sep 22 01:34:12 raspberrypi kernel: [    1.416727] pci 0000:00:00.0: [14e4:2711] type 01 class 0x060400
Sep 22 01:34:12 raspberrypi kernel: [    1.416975] pci 0000:00:00.0: PME# supported from D0 D3hot
Sep 22 01:34:12 raspberrypi kernel: [    1.420624] PCI: bus0: Fast back to back transfers disabled
Sep 22 01:34:12 raspberrypi kernel: [    1.420649] pci 0000:00:00.0: bridge configuration invalid ([bus 00-00]), reconfiguring
Sep 22 01:34:12 raspberrypi kernel: [    1.421026] pci 0000:01:00.0: [1106:3483] type 00 class 0x0c0330
Sep 22 01:34:12 raspberrypi kernel: [    1.421157] pci 0000:01:00.0: reg 0x10: [mem 0x00000000-0x00000fff 64bit]
Sep 22 01:34:12 raspberrypi kernel: [    1.421589] pci 0000:01:00.0: PME# supported from D0 D3hot
Sep 22 01:34:12 raspberrypi kernel: [    1.425278] PCI: bus1: Fast back to back transfers disabled
Sep 22 01:34:12 raspberrypi kernel: [    1.425300] pci_bus 0000:01: busn_res: [bus 01-ff] end is updated to 01
Sep 22 01:34:12 raspberrypi kernel: [    1.425345] pci 0000:00:00.0: BAR 8: assigned [mem 0x600000000-0x6000fffff]
Sep 22 01:34:12 raspberrypi kernel: [    1.425372] pci 0000:01:00.0: BAR 0: assigned [mem 0x600000000-0x600000fff 64bit]
Sep 22 01:34:12 raspberrypi kernel: [    1.425461] pci 0000:00:00.0: PCI bridge to [bus 01]
Sep 22 01:34:12 raspberrypi kernel: [    1.425487] pci 0000:00:00.0:   bridge window [mem 0x600000000-0x6000fffff]
Sep 22 01:34:12 raspberrypi kernel: [    1.425908] pcieport 0000:00:00.0: enabling device (0140 -> 0142)
Sep 22 01:34:12 raspberrypi kernel: [    1.426146] pcieport 0000:00:00.0: PME: Signaling with IRQ 77
Sep 22 01:34:12 raspberrypi kernel: [    1.440165] iproc-rng200 fe104000.rng: hwrng registered
Sep 22 01:34:12 raspberrypi kernel: [    1.440542] vc-mem: phys_addr:0x00000000 mem_base=0x3ec00000 mem_size:0x40000000(1024 MiB)
Sep 22 01:34:12 raspberrypi kernel: [    1.442145] gpiomem-bcm2835 fe200000.gpiomem: Initialised: Registers at 0xfe200000
Sep 22 01:34:12 raspberrypi kernel: [    1.455474] brd: module loaded
Sep 22 01:34:12 raspberrypi kernel: [    1.466041] loop: module loaded
Sep 22 01:34:12 raspberrypi kernel: [    1.466878] Loading iSCSI transport class v2.0-870.
Sep 22 01:34:12 raspberrypi kernel: [    1.472199] bcmgenet fd580000.ethernet: GENET 5.0 EPHY: 0x0000
Sep 22 01:34:12 raspberrypi kernel: [    1.574264] unimac-mdio unimac-mdio.-19: Broadcom UniMAC MDIO bus
Sep 22 01:34:12 raspberrypi kernel: [    1.575558] usbcore: registered new interface driver r8152
Sep 22 01:34:12 raspberrypi kernel: [    1.575629] usbcore: registered new interface driver lan78xx
Sep 22 01:34:12 raspberrypi kernel: [    1.575692] usbcore: registered new interface driver smsc95xx
Sep 22 01:34:12 raspberrypi kernel: [    1.624681] xhci_hcd 0000:01:00.0: xHCI Host Controller
Sep 22 01:34:12 raspberrypi kernel: [    1.624719] xhci_hcd 0000:01:00.0: new USB bus registered, assigned bus number 1
Sep 22 01:34:12 raspberrypi kernel: [    1.630349] xhci_hcd 0000:01:00.0: hcc params 0x002841eb hci version 0x100 quirks 0x00003c0000000890
Sep 22 01:34:12 raspberrypi kernel: [    1.631458] xhci_hcd 0000:01:00.0: xHCI Host Controller
Sep 22 01:34:12 raspberrypi kernel: [    1.631485] xhci_hcd 0000:01:00.0: new USB bus registered, assigned bus number 2
Sep 22 01:34:12 raspberrypi kernel: [    1.631512] xhci_hcd 0000:01:00.0: Host supports USB 3.0 SuperSpeed
Sep 22 01:34:12 raspberrypi kernel: [    1.631912] usb usb1: New USB device found, idVendor=1d6b, idProduct=0002, bcdDevice= 5.15
Sep 22 01:34:12 raspberrypi kernel: [    1.631936] usb usb1: New USB device strings: Mfr=3, Product=2, SerialNumber=1
Sep 22 01:34:12 raspberrypi kernel: [    1.631955] usb usb1: Product: xHCI Host Controller
Sep 22 01:34:12 raspberrypi kernel: [    1.631972] usb usb1: Manufacturer: Linux 5.15.61-v7l+ xhci-hcd
Sep 22 01:34:12 raspberrypi kernel: [    1.631988] usb usb1: SerialNumber: 0000:01:00.0
Sep 22 01:34:12 raspberrypi kernel: [    1.632775] hub 1-0:1.0: USB hub found
Sep 22 01:34:12 raspberrypi kernel: [    1.632845] hub 1-0:1.0: 1 port detected
Sep 22 01:34:12 raspberrypi kernel: [    1.633860] usb usb2: New USB device found, idVendor=1d6b, idProduct=0003, bcdDevice= 5.15
Sep 22 01:34:12 raspberrypi kernel: [    1.633884] usb usb2: New USB device strings: Mfr=3, Product=2, SerialNumber=1
Sep 22 01:34:12 raspberrypi kernel: [    1.633903] usb usb2: Product: xHCI Host Controller
Sep 22 01:34:12 raspberrypi kernel: [    1.633919] usb usb2: Manufacturer: Linux 5.15.61-v7l+ xhci-hcd
Sep 22 01:34:12 raspberrypi kernel: [    1.633935] usb usb2: SerialNumber: 0000:01:00.0
Sep 22 01:34:12 raspberrypi kernel: [    1.634664] hub 2-0:1.0: USB hub found
Sep 22 01:34:12 raspberrypi kernel: [    1.634763] hub 2-0:1.0: 4 ports detected
Sep 22 01:34:12 raspberrypi kernel: [    1.636732] dwc_otg: version 3.00a 10-AUG-2012 (platform bus)
Sep 22 01:34:12 raspberrypi kernel: [    1.637088] dwc_otg: FIQ enabled
Sep 22 01:34:12 raspberrypi kernel: [    1.637103] dwc_otg: NAK holdoff enabled
Sep 22 01:34:12 raspberrypi kernel: [    1.637117] dwc_otg: FIQ split-transaction FSM enabled
Sep 22 01:34:12 raspberrypi kernel: [    1.637136] Module dwc_common_port init
Sep 22 01:34:12 raspberrypi kernel: [    1.637606] usbcore: registered new interface driver uas
Sep 22 01:34:12 raspberrypi kernel: [    1.637715] usbcore: registered new interface driver usb-storage
Sep 22 01:34:12 raspberrypi kernel: [    1.637955] mousedev: PS/2 mouse device common for all mice
Sep 22 01:34:12 raspberrypi kernel: [    1.643752] sdhci: Secure Digital Host Controller Interface driver
Sep 22 01:34:12 raspberrypi kernel: [    1.643771] sdhci: Copyright(c) Pierre Ossman
Sep 22 01:34:12 raspberrypi kernel: [    1.644551] sdhci-pltfm: SDHCI platform and OF driver helper
Sep 22 01:34:12 raspberrypi kernel: [    1.648375] ledtrig-cpu: registered to indicate activity on CPUs
Sep 22 01:34:12 raspberrypi kernel: [    1.648742] hid: raw HID events driver (C) Jiri Kosina
Sep 22 01:34:12 raspberrypi kernel: [    1.648932] usbcore: registered new interface driver usbhid
Sep 22 01:34:12 raspberrypi kernel: [    1.648948] usbhid: USB HID core driver
Sep 22 01:34:12 raspberrypi kernel: [    1.656526] Initializing XFRM netlink socket
Sep 22 01:34:12 raspberrypi kernel: [    1.656575] NET: Registered PF_PACKET protocol family
Sep 22 01:34:12 raspberrypi kernel: [    1.656693] Key type dns_resolver registered
Sep 22 01:34:12 raspberrypi kernel: [    1.657188] Registering SWP/SWPB emulation handler
Sep 22 01:34:12 raspberrypi kernel: [    1.658033] registered taskstats version 1
Sep 22 01:34:12 raspberrypi kernel: [    1.658064] Loading compiled-in X.509 certificates
Sep 22 01:34:12 raspberrypi kernel: [    1.658937] Key type ._fscrypt registered
Sep 22 01:34:12 raspberrypi kernel: [    1.658954] Key type .fscrypt registered
Sep 22 01:34:12 raspberrypi kernel: [    1.658968] Key type fscrypt-provisioning registered
Sep 22 01:34:12 raspberrypi kernel: [    1.671436] uart-pl011 fe201000.serial: there is not valid maps for state default
Sep 22 01:34:12 raspberrypi kernel: [    1.671771] uart-pl011 fe201000.serial: cts_event_workaround enabled
Sep 22 01:34:12 raspberrypi kernel: [    1.671916] fe201000.serial: ttyAMA0 at MMIO 0xfe201000 (irq = 34, base_baud = 0) is a PL011 rev2
Sep 22 01:34:12 raspberrypi kernel: [    1.681290] bcm2835-wdt bcm2835-wdt: Broadcom BCM2835 watchdog timer
Sep 22 01:34:12 raspberrypi kernel: [    1.681784] bcm2835-power bcm2835-power: Broadcom BCM2835 power domains driver
Sep 22 01:34:12 raspberrypi kernel: [    1.683102] mmc-bcm2835 fe300000.mmcnr: mmc_debug:0 mmc_debug2:0
Sep 22 01:34:12 raspberrypi kernel: [    1.683122] mmc-bcm2835 fe300000.mmcnr: DMA channel allocated
Sep 22 01:34:12 raspberrypi kernel: [    1.710378] of_cfs_init
Sep 22 01:34:12 raspberrypi kernel: [    1.710638] of_cfs_init: OK
Sep 22 01:34:12 raspberrypi kernel: [    1.746658] mmc0: SDHCI controller on fe340000.mmc [fe340000.mmc] using ADMA
Sep 22 01:34:12 raspberrypi kernel: [    1.747128] Waiting for root device PARTUUID=c8e52268-02...
Sep 22 01:34:12 raspberrypi kernel: [    1.846155] mmc0: new ultra high speed DDR50 SDXC card at address 59b4
Sep 22 01:34:12 raspberrypi kernel: [    1.847215] mmcblk0: mmc0:59b4 GD2S5 119 GiB 
Sep 22 01:34:12 raspberrypi kernel: [    1.854390] mmc1: new high speed SDIO card at address 0001
Sep 22 01:34:12 raspberrypi kernel: [    1.854984]  mmcblk0: p1 p2
Sep 22 01:34:12 raspberrypi kernel: [    1.855497] mmcblk0: mmc0:59b4 GD2S5 119 GiB
Sep 22 01:34:12 raspberrypi kernel: [    1.900303] EXT4-fs (mmcblk0p2): mounted filesystem with ordered data mode. Opts: (null). Quota mode: none.
Sep 22 01:34:12 raspberrypi kernel: [    1.900401] VFS: Mounted root (ext4 filesystem) readonly on device 179:2.
Sep 22 01:34:12 raspberrypi kernel: [    1.901148] devtmpfs: mounted
Sep 22 01:34:12 raspberrypi kernel: [    1.912479] Freeing unused kernel image (initmem) memory: 2048K
Sep 22 01:34:12 raspberrypi kernel: [    1.912807] Run /sbin/init as init process
Sep 22 01:34:12 raspberrypi kernel: [    1.912821]   with arguments:
Sep 22 01:34:12 raspberrypi kernel: [    1.912834]     /sbin/init
Sep 22 01:34:12 raspberrypi kernel: [    1.912847]     splash
Sep 22 01:34:12 raspberrypi kernel: [    1.912860]   with environment:
Sep 22 01:34:12 raspberrypi kernel: [    1.912873]     HOME=/
Sep 22 01:34:12 raspberrypi kernel: [    1.912885]     TERM=linux
Sep 22 01:34:12 raspberrypi kernel: [    1.914118] usb 1-1: new high-speed USB device number 2 using xhci_hcd
Sep 22 01:34:12 raspberrypi kernel: [    2.097287] usb 1-1: New USB device found, idVendor=2109, idProduct=3431, bcdDevice= 4.21
Sep 22 01:34:12 raspberrypi kernel: [    2.097323] usb 1-1: New USB device strings: Mfr=0, Product=1, SerialNumber=0
Sep 22 01:34:12 raspberrypi kernel: [    2.097345] usb 1-1: Product: USB2.0 Hub
Sep 22 01:34:12 raspberrypi kernel: [    2.099800] hub 1-1:1.0: USB hub found
Sep 22 01:34:12 raspberrypi kernel: [    2.100098] hub 1-1:1.0: 4 ports detected
Sep 22 01:34:12 raspberrypi kernel: [    2.424159] usb 1-1.3: new low-speed USB device number 3 using xhci_hcd
Sep 22 01:34:12 raspberrypi kernel: [    2.432141] NET: Registered PF_INET6 protocol family
Sep 22 01:34:12 raspberrypi kernel: [    2.433951] Segment Routing with IPv6
Sep 22 01:34:12 raspberrypi kernel: [    2.434028] In-situ OAM (IOAM) with IPv6
Sep 22 01:34:12 raspberrypi kernel: [    2.596522] usb 1-1.3: New USB device found, idVendor=03f0, idProduct=034a, bcdDevice= 1.21
Sep 22 01:34:12 raspberrypi kernel: [    2.596564] usb 1-1.3: New USB device strings: Mfr=1, Product=2, SerialNumber=0
Sep 22 01:34:12 raspberrypi kernel: [    2.596586] usb 1-1.3: Product: HP Elite USB Keyboard
Sep 22 01:34:12 raspberrypi kernel: [    2.596604] usb 1-1.3: Manufacturer: Chicony
Sep 22 01:34:12 raspberrypi kernel: [    2.623114] input: Chicony HP Elite USB Keyboard as /devices/platform/scb/fd500000.pcie/pci0000:00/0000:00:00.0/0000:01:00.0/usb1/1-1/1-1.3/1-1.3:1.0/0003:03F0:034A.0001/input/input0
Sep 22 01:34:12 raspberrypi kernel: [    2.685171] hid-generic 0003:03F0:034A.0001: input,hidraw0: USB HID v1.10 Keyboard [Chicony HP Elite USB Keyboard] on usb-0000:01:00.0-1.3/input0
Sep 22 01:34:12 raspberrypi kernel: [    2.701806] input: Chicony HP Elite USB Keyboard System Control as /devices/platform/scb/fd500000.pcie/pci0000:00/0000:00:00.0/0000:01:00.0/usb1/1-1/1-1.3/1-1.3:1.1/0003:03F0:034A.0002/input/input1
Sep 22 01:34:12 raspberrypi kernel: [    2.774601] input: Chicony HP Elite USB Keyboard Consumer Control as /devices/platform/scb/fd500000.pcie/pci0000:00/0000:00:00.0/0000:01:00.0/usb1/1-1/1-1.3/1-1.3:1.1/0003:03F0:034A.0002/input/input2
Sep 22 01:34:12 raspberrypi kernel: [    2.774983] hid-generic 0003:03F0:034A.0002: input,hidraw1: USB HID v1.10 Device [Chicony HP Elite USB Keyboard] on usb-0000:01:00.0-1.3/input1
Sep 22 01:34:12 raspberrypi kernel: [    2.884131] usb 1-1.4: new low-speed USB device number 4 using xhci_hcd
Sep 22 01:34:12 raspberrypi kernel: [    3.023051] usb 1-1.4: New USB device found, idVendor=03f0, idProduct=094a, bcdDevice= 1.00
Sep 22 01:34:12 raspberrypi kernel: [    3.023084] usb 1-1.4: New USB device strings: Mfr=1, Product=2, SerialNumber=0
Sep 22 01:34:12 raspberrypi kernel: [    3.023104] usb 1-1.4: Product: HP USB Optical Mouse
Sep 22 01:34:12 raspberrypi kernel: [    3.023121] usb 1-1.4: Manufacturer: PixArt
Sep 22 01:34:12 raspberrypi kernel: [    3.032662] input: PixArt HP USB Optical Mouse as /devices/platform/scb/fd500000.pcie/pci0000:00/0000:00:00.0/0000:01:00.0/usb1/1-1/1-1.4/1-1.4:1.0/0003:03F0:094A.0003/input/input3
Sep 22 01:34:12 raspberrypi kernel: [    3.033268] hid-generic 0003:03F0:094A.0003: input,hidraw2: USB HID v1.11 Mouse [PixArt HP USB Optical Mouse] on usb-0000:01:00.0-1.4/input0
Sep 22 01:34:12 raspberrypi kernel: [    3.678061] fuse: init (API version 7.34)
Sep 22 01:34:12 raspberrypi kernel: [    3.712377] i2c_dev: i2c /dev entries driver
Sep 22 01:34:12 raspberrypi kernel: [    4.202725] EXT4-fs (mmcblk0p2): re-mounted. Opts: (null). Quota mode: none.
Sep 22 01:34:12 raspberrypi kernel: [    5.709534] mc: Linux media interface: v0.10
Sep 22 01:34:12 raspberrypi kernel: [    5.714356] vc_sm_cma: module is from the staging directory, the quality is unknown, you have been warned.
Sep 22 01:34:12 raspberrypi kernel: [    5.730480] bcm2835_vc_sm_cma_probe: Videocore shared memory driver
Sep 22 01:34:12 raspberrypi kernel: [    5.730519] [vc_sm_connected_init]: start
Sep 22 01:34:12 raspberrypi kernel: [    5.745002] [vc_sm_connected_init]: installed successfully
Sep 22 01:34:12 raspberrypi kernel: [    5.774948] snd_bcm2835: module is from the staging directory, the quality is unknown, you have been warned.
Sep 22 01:34:12 raspberrypi kernel: [    5.816484] bcm2835_audio bcm2835_audio: card created with 8 channels
Sep 22 01:34:12 raspberrypi kernel: [    5.831836] videodev: Linux video capture interface: v2.00
Sep 22 01:34:12 raspberrypi kernel: [    5.920048] bcm2835_mmal_vchiq: module is from the staging directory, the quality is unknown, you have been warned.
Sep 22 01:34:12 raspberrypi kernel: [    5.941159] bcm2835_codec: module is from the staging directory, the quality is unknown, you have been warned.
Sep 22 01:34:12 raspberrypi kernel: [    5.958788] brcmstb-i2c fef04500.i2c:  @97500hz registered in polling mode
Sep 22 01:34:12 raspberrypi kernel: [    5.959863] brcmstb-i2c fef09500.i2c:  @97500hz registered in polling mode
Sep 22 01:34:12 raspberrypi kernel: [    5.988743] bcm2835-codec bcm2835-codec: Device registered as /dev/video10
Sep 22 01:34:12 raspberrypi kernel: [    5.988816] bcm2835-codec bcm2835-codec: Loaded V4L2 decode
Sep 22 01:34:12 raspberrypi kernel: [    6.006435] bcm2835-codec bcm2835-codec: Device registered as /dev/video11
Sep 22 01:34:12 raspberrypi kernel: [    6.006489] bcm2835-codec bcm2835-codec: Loaded V4L2 encode
Sep 22 01:34:12 raspberrypi kernel: [    6.021406] rpivid_hevc: module is from the staging directory, the quality is unknown, you have been warned.
Sep 22 01:34:12 raspberrypi kernel: [    6.040091] bcm2835-codec bcm2835-codec: Device registered as /dev/video12
Sep 22 01:34:12 raspberrypi kernel: [    6.040158] bcm2835-codec bcm2835-codec: Loaded V4L2 isp
Sep 22 01:34:12 raspberrypi kernel: [    6.106491] bcm2835-codec bcm2835-codec: Device registered as /dev/video18
Sep 22 01:34:12 raspberrypi kernel: [    6.106629] bcm2835-codec bcm2835-codec: Loaded V4L2 image_fx
Sep 22 01:34:12 raspberrypi kernel: [    6.111322] bcm2835-codec bcm2835-codec: Device registered as /dev/video31
Sep 22 01:34:12 raspberrypi kernel: [    6.111380] bcm2835-codec bcm2835-codec: Loaded V4L2 encode_image
Sep 22 01:34:12 raspberrypi kernel: [    6.151458] rpivid feb10000.codec: Device registered as /dev/video19
Sep 22 01:34:12 raspberrypi kernel: [    6.235312] [drm] Initialized v3d 1.0.0 20180419 for fec00000.v3d on minor 0
Sep 22 01:34:12 raspberrypi kernel: [    6.257882] bcm2835_isp: module is from the staging directory, the quality is unknown, you have been warned.
Sep 22 01:34:12 raspberrypi kernel: [    6.449326] bcm2835-isp bcm2835-isp: Device node output[0] registered as /dev/video13
Sep 22 01:34:12 raspberrypi kernel: [    6.450303] bcm2835-isp bcm2835-isp: Device node capture[0] registered as /dev/video14
Sep 22 01:34:12 raspberrypi kernel: [    6.452177] bcm2835-isp bcm2835-isp: Device node capture[1] registered as /dev/video15
Sep 22 01:34:12 raspberrypi kernel: [    6.453199] bcm2835-isp bcm2835-isp: Device node stats[2] registered as /dev/video16
Sep 22 01:34:12 raspberrypi kernel: [    6.453239] bcm2835-isp bcm2835-isp: Register output node 0 with media controller
Sep 22 01:34:12 raspberrypi kernel: [    6.453267] bcm2835-isp bcm2835-isp: Register capture node 1 with media controller
Sep 22 01:34:12 raspberrypi kernel: [    6.453291] bcm2835-isp bcm2835-isp: Register capture node 2 with media controller
Sep 22 01:34:12 raspberrypi kernel: [    6.453313] bcm2835-isp bcm2835-isp: Register capture node 3 with media controller
Sep 22 01:34:12 raspberrypi kernel: [    6.475246] bcm2835-isp bcm2835-isp: Device node output[0] registered as /dev/video20
Sep 22 01:34:12 raspberrypi kernel: [    6.475888] bcm2835-isp bcm2835-isp: Device node capture[0] registered as /dev/video21
Sep 22 01:34:12 raspberrypi kernel: [    6.476377] bcm2835-isp bcm2835-isp: Device node capture[1] registered as /dev/video22
Sep 22 01:34:12 raspberrypi kernel: [    6.476785] bcm2835-isp bcm2835-isp: Device node stats[2] registered as /dev/video23
Sep 22 01:34:12 raspberrypi kernel: [    6.476822] bcm2835-isp bcm2835-isp: Register output node 0 with media controller
Sep 22 01:34:12 raspberrypi kernel: [    6.476849] bcm2835-isp bcm2835-isp: Register capture node 1 with media controller
Sep 22 01:34:12 raspberrypi kernel: [    6.476872] bcm2835-isp bcm2835-isp: Register capture node 2 with media controller
Sep 22 01:34:12 raspberrypi kernel: [    6.476895] bcm2835-isp bcm2835-isp: Register capture node 3 with media controller
Sep 22 01:34:12 raspberrypi kernel: [    6.477113] bcm2835-isp bcm2835-isp: Loaded V4L2 bcm2835-isp
Sep 22 01:34:12 raspberrypi kernel: [    6.494632] cfg80211: Loading compiled-in X.509 certificates for regulatory database
Sep 22 01:34:12 raspberrypi kernel: [    6.496123] bcm2835_v4l2: module is from the staging directory, the quality is unknown, you have been warned.
Sep 22 01:34:12 raspberrypi kernel: [    6.572599] cfg80211: Loaded X.509 cert 'sforshee: 00b28ddf47aef9cea7'
Sep 22 01:34:12 raspberrypi kernel: [    6.590672] cfg80211: loaded regulatory.db is malformed or signature is missing/invalid
Sep 22 01:34:12 raspberrypi kernel: [    6.716631] brcmfmac: F1 signature read @0x18000000=0x15264345
Sep 22 01:34:12 raspberrypi kernel: [    6.738066] brcmfmac: brcmf_fw_alloc_request: using brcm/brcmfmac43455-sdio for chip BCM4345/6
Sep 22 01:34:12 raspberrypi kernel: [    6.738985] brcmfmac mmc1:0001:1: Direct firmware load for brcm/brcmfmac43455-sdio.raspberrypi,4-model-b.bin failed with error -2
Sep 22 01:34:12 raspberrypi kernel: [    6.739536] usbcore: registered new interface driver brcmfmac
Sep 22 01:34:12 raspberrypi kernel: [    7.035324] brcmfmac: brcmf_fw_alloc_request: using brcm/brcmfmac43455-sdio for chip BCM4345/6
Sep 22 01:34:12 raspberrypi kernel: [    7.035496] brcmfmac: brcmf_fw_alloc_request: using brcm/brcmfmac43455-sdio for chip BCM4345/6
Sep 22 01:34:12 raspberrypi kernel: [    7.042124] brcmfmac: brcmf_c_preinit_dcmds: Firmware: BCM4345/6 wl0: Nov  1 2021 00:37:25 version 7.45.241 (1a2f2fa CY) FWID 01-703fd60
Sep 22 01:34:12 raspberrypi kernel: [    7.969155] checking generic (3e330000 8ca000) vs hw (0 ffffffffffffffff)
Sep 22 01:34:12 raspberrypi kernel: [    7.969190] fb0: switching to vc4 from simple
Sep 22 01:34:12 raspberrypi kernel: [    8.170745] Console: switching to colour dummy device 80x30
Sep 22 01:34:12 raspberrypi kernel: [    8.241051] vc4-drm gpu: bound fe400000.hvs (ops vc4_hvs_ops [vc4])
Sep 22 01:34:12 raspberrypi kernel: [    8.304806] Registered IR keymap rc-cec
Sep 22 01:34:12 raspberrypi kernel: [    8.305068] rc rc0: vc4 as /devices/platform/soc/fef00700.hdmi/rc/rc0
Sep 22 01:34:12 raspberrypi kernel: [    8.305347] input: vc4 as /devices/platform/soc/fef00700.hdmi/rc/rc0/input4
Sep 22 01:34:12 raspberrypi kernel: [    8.489016] vc4-drm gpu: bound fe400000.hvs (ops vc4_hvs_ops [vc4])
Sep 22 01:34:12 raspberrypi kernel: [    8.511893] Registered IR keymap rc-cec
Sep 22 01:34:12 raspberrypi kernel: [    8.512106] rc rc0: vc4 as /devices/platform/soc/fef00700.hdmi/rc/rc0
Sep 22 01:34:12 raspberrypi kernel: [    8.512357] input: vc4 as /devices/platform/soc/fef00700.hdmi/rc/rc0/input5
Sep 22 01:34:12 raspberrypi kernel: [    8.547062] vc4-drm gpu: bound fef00700.hdmi (ops vc4_hdmi_ops [vc4])
Sep 22 01:34:12 raspberrypi kernel: [    8.564363] Registered IR keymap rc-cec
Sep 22 01:34:12 raspberrypi kernel: [    8.567580] rc rc1: vc4 as /devices/platform/soc/fef05700.hdmi/rc/rc1
Sep 22 01:34:12 raspberrypi kernel: [    8.567873] input: vc4 as /devices/platform/soc/fef05700.hdmi/rc/rc1/input6
Sep 22 01:34:12 raspberrypi kernel: [    8.571713] vc4-drm gpu: bound fef05700.hdmi (ops vc4_hdmi_ops [vc4])
Sep 22 01:34:12 raspberrypi kernel: [    8.572276] vc4-drm gpu: bound fe004000.txp (ops vc4_txp_ops [vc4])
Sep 22 01:34:12 raspberrypi kernel: [    8.572764] vc4-drm gpu: bound fe206000.pixelvalve (ops vc4_crtc_ops [vc4])
Sep 22 01:34:12 raspberrypi kernel: [    8.573230] vc4-drm gpu: bound fe207000.pixelvalve (ops vc4_crtc_ops [vc4])
Sep 22 01:34:12 raspberrypi kernel: [    8.573689] vc4-drm gpu: bound fe20a000.pixelvalve (ops vc4_crtc_ops [vc4])
Sep 22 01:34:12 raspberrypi kernel: [    8.574499] vc4-drm gpu: bound fe216000.pixelvalve (ops vc4_crtc_ops [vc4])
Sep 22 01:34:12 raspberrypi kernel: [    8.575001] vc4-drm gpu: bound fec12000.pixelvalve (ops vc4_crtc_ops [vc4])
Sep 22 01:34:12 raspberrypi kernel: [    8.583016] [drm] Initialized vc4 0.0.0 20140616 for gpu on minor 1
Sep 22 01:34:12 raspberrypi kernel: [    8.662335] Console: switching to colour frame buffer device 240x75
Sep 22 01:34:12 raspberrypi kernel: [    8.662398] vc4-drm gpu: [drm] fb0: vc4drmfb frame buffer device
Sep 22 01:34:12 raspberrypi kernel: [    9.155066] uart-pl011 fe201000.serial: no DMA platform data
Sep 22 01:34:12 raspberrypi kernel: [    9.167303] 8021q: 802.1Q VLAN Support v1.8
Sep 22 01:34:12 raspberrypi kernel: [    9.419220] Adding 102396k swap on /var/swap.  Priority:-2 extents:1 across:102396k SSFS
Sep 22 01:34:13 raspberrypi kernel: [   10.136503] bcmgenet fd580000.ethernet: configuring instance for external RGMII (RX delay)
Sep 22 01:34:13 raspberrypi kernel: [   10.144579] bcmgenet fd580000.ethernet eth0: Link is Down
Sep 22 01:34:18 raspberrypi kernel: [   15.350007] hdmi-audio-codec hdmi-audio-codec.1.auto: ASoC: error at snd_soc_dai_startup on i2s-hifi: -19
Sep 22 01:34:18 raspberrypi kernel: [   15.350042]  MAI: soc_pcm_open() failed (-19)
Sep 22 01:34:18 raspberrypi kernel: [   15.350727] hdmi-audio-codec hdmi-audio-codec.1.auto: ASoC: error at snd_soc_dai_startup on i2s-hifi: -19
Sep 22 01:34:18 raspberrypi kernel: [   15.350751]  MAI: soc_pcm_open() failed (-19)
Sep 22 01:34:18 raspberrypi kernel: [   15.351345] hdmi-audio-codec hdmi-audio-codec.1.auto: ASoC: error at snd_soc_dai_startup on i2s-hifi: -19
Sep 22 01:34:18 raspberrypi kernel: [   15.351370]  MAI: soc_pcm_open() failed (-19)
Sep 22 01:34:18 raspberrypi kernel: [   15.361550] hdmi-audio-codec hdmi-audio-codec.1.auto: ASoC: error at snd_soc_dai_startup on i2s-hifi: -19
Sep 22 01:34:18 raspberrypi kernel: [   15.361580]  MAI: soc_pcm_open() failed (-19)
Sep 22 01:34:18 raspberrypi kernel: [   15.361833] hdmi-audio-codec hdmi-audio-codec.1.auto: ASoC: error at snd_soc_dai_startup on i2s-hifi: -19
Sep 22 01:34:18 raspberrypi kernel: [   15.361848]  MAI: soc_pcm_open() failed (-19)
Sep 22 01:34:18 raspberrypi kernel: [   15.362081] hdmi-audio-codec hdmi-audio-codec.1.auto: ASoC: error at snd_soc_dai_startup on i2s-hifi: -19
Sep 22 01:34:18 raspberrypi kernel: [   15.362098]  MAI: soc_pcm_open() failed (-19)
Sep 22 01:34:19 raspberrypi kernel: [   16.170586] Bluetooth: Core ver 2.22
Sep 22 01:34:19 raspberrypi kernel: [   16.170688] NET: Registered PF_BLUETOOTH protocol family
Sep 22 01:34:19 raspberrypi kernel: [   16.170694] Bluetooth: HCI device and connection manager initialized
Sep 22 01:34:19 raspberrypi kernel: [   16.170711] Bluetooth: HCI socket layer initialized
Sep 22 01:34:19 raspberrypi kernel: [   16.170720] Bluetooth: L2CAP socket layer initialized
Sep 22 01:34:19 raspberrypi kernel: [   16.170739] Bluetooth: SCO socket layer initialized
Sep 22 01:34:19 raspberrypi kernel: [   16.179097] Bluetooth: HCI UART driver ver 2.3
Sep 22 01:34:19 raspberrypi kernel: [   16.179111] Bluetooth: HCI UART protocol H4 registered
Sep 22 01:34:19 raspberrypi kernel: [   16.179162] Bluetooth: HCI UART protocol Three-wire (H5) registered
Sep 22 01:34:19 raspberrypi kernel: [   16.179312] Bluetooth: HCI UART protocol Broadcom registered
Sep 22 01:34:19 raspberrypi kernel: [   16.440485] Bluetooth: BNEP (Ethernet Emulation) ver 1.3
Sep 22 01:34:19 raspberrypi kernel: [   16.440501] Bluetooth: BNEP filters: protocol multicast
Sep 22 01:34:19 raspberrypi kernel: [   16.440514] Bluetooth: BNEP socket layer initialized
Sep 22 01:34:19 raspberrypi kernel: [   16.474012] NET: Registered PF_ALG protocol family
Sep 22 01:34:19 raspberrypi kernel: [   16.510826] cryptd: max_cpu_qlen set to 1000
Sep 22 01:34:20 raspberrypi kernel: [   16.705339] Bluetooth: RFCOMM TTY layer initialized
Sep 22 01:34:20 raspberrypi kernel: [   16.705365] Bluetooth: RFCOMM socket layer initialized
Sep 22 01:34:20 raspberrypi kernel: [   16.705386] Bluetooth: RFCOMM ver 1.11
Sep 22 01:34:35 raspberrypi kernel: [   31.834126] cam-dummy-reg: disabling
Sep 22 01:38:52 raspberrypi kernel: [  288.582522] brcmfmac: brcmf_cfg80211_set_power_mgmt: power save enabled
Sep 22 01:40:09 raspberrypi kernel: [  366.065258] IPv6: ADDRCONF(NETDEV_CHANGE): wlan0: link becomes ready
Sep 21 20:42:58 raspberrypi kernel: [    0.000000] Booting Linux on physical CPU 0x0
Sep 21 20:42:58 raspberrypi kernel: [    0.000000] Linux version 5.15.61-v7l+ (dom@buildbot) (arm-linux-gnueabihf-gcc-8 (Ubuntu/Linaro 8.4.0-3ubuntu1) 8.4.0, GNU ld (GNU Binutils for Ubuntu) 2.34) #1579 SMP Fri Aug 26 11:13:03 BST 2022
Sep 21 20:42:58 raspberrypi kernel: [    0.000000] CPU: ARMv7 Processor [410fd083] revision 3 (ARMv7), cr=30c5383d
Sep 21 20:42:58 raspberrypi kernel: [    0.000000] CPU: div instructions available: patching division code
Sep 21 20:42:58 raspberrypi kernel: [    0.000000] CPU: PIPT / VIPT nonaliasing data cache, PIPT instruction cache
Sep 21 20:42:58 raspberrypi kernel: [    0.000000] OF: fdt: Machine model: Raspberry Pi 4 Model B Rev 1.5
Sep 21 20:42:58 raspberrypi kernel: [    0.000000] random: crng init done
Sep 21 20:42:58 raspberrypi kernel: [    0.000000] Memory policy: Data cache writealloc
Sep 21 20:42:58 raspberrypi kernel: [    0.000000] Reserved memory: created CMA memory pool at 0x000000001ac00000, size 320 MiB
Sep 21 20:42:58 raspberrypi kernel: [    0.000000] OF: reserved mem: initialized node linux,cma, compatible id shared-dma-pool
Sep 21 20:42:58 raspberrypi kernel: [    0.000000] Zone ranges:
Sep 21 20:42:58 raspberrypi kernel: [    0.000000]   DMA      [mem 0x0000000000000000-0x000000002fffffff]
Sep 21 20:42:58 raspberrypi kernel: [    0.000000]   Normal   empty
Sep 21 20:42:58 raspberrypi kernel: [    0.000000]   HighMem  [mem 0x0000000030000000-0x00000001ffffffff]
Sep 21 20:42:58 raspberrypi kernel: [    0.000000] Movable zone start for each node
Sep 21 20:42:58 raspberrypi kernel: [    0.000000] Early memory node ranges
Sep 21 20:42:58 raspberrypi kernel: [    0.000000]   node   0: [mem 0x0000000000000000-0x000000003b3fffff]
Sep 21 20:42:58 raspberrypi kernel: [    0.000000]   node   0: [mem 0x0000000040000000-0x00000000fbffffff]
Sep 21 20:42:58 raspberrypi kernel: [    0.000000]   node   0: [mem 0x0000000100000000-0x00000001ffffffff]
Sep 21 20:42:58 raspberrypi kernel: [    0.000000] Initmem setup node 0 [mem 0x0000000000000000-0x00000001ffffffff]
Sep 21 20:42:58 raspberrypi kernel: [    0.000000] percpu: Embedded 16 pages/cpu s35788 r8192 d21556 u65536
Sep 21 20:42:58 raspberrypi kernel: [    0.000000] pcpu-alloc: s35788 r8192 d21556 u65536 alloc=16*4096
Sep 21 20:42:58 raspberrypi kernel: [    0.000000] pcpu-alloc: [0] 0 [0] 1 [0] 2 [0] 3 
Sep 21 20:42:58 raspberrypi kernel: [    0.000000] Built 1 zonelists, mobility grouping on.  Total pages: 2059584
Sep 21 20:42:58 raspberrypi kernel: [    0.000000] Kernel command line: coherent_pool=1M 8250.nr_uarts=0 snd_bcm2835.enable_compat_alsa=0 snd_bcm2835.enable_hdmi=1 video=HDMI-A-1:1920x1200M@60 smsc95xx.macaddr=E4:5F:01:DA:FF:30 vc_mem.mem_base=0x3ec00000 vc_mem.mem_size=0x40000000  console=ttyS0,115200 console=tty1 root=PARTUUID=c8e52268-02 rootfstype=ext4 fsck.repair=yes rootwait quiet splash plymouth.ignore-serial-consoles
Sep 21 20:42:58 raspberrypi kernel: [    0.000000] Unknown kernel command line parameters "splash", will be passed to user space.
Sep 21 20:42:58 raspberrypi kernel: [    0.000000] Dentry cache hash table entries: 131072 (order: 7, 524288 bytes, linear)
Sep 21 20:42:58 raspberrypi kernel: [    0.000000] Inode-cache hash table entries: 65536 (order: 6, 262144 bytes, linear)
Sep 21 20:42:58 raspberrypi kernel: [    0.000000] mem auto-init: stack:off, heap alloc:off, heap free:off
Sep 21 20:42:58 raspberrypi kernel: [    0.000000] software IO TLB: mapped [mem 0x0000000012400000-0x0000000016400000] (64MB)
Sep 21 20:42:58 raspberrypi kernel: [    0.000000] Memory: 7758764K/8245248K available (10240K kernel code, 1385K rwdata, 3304K rodata, 2048K init, 592K bss, 158804K reserved, 327680K cma-reserved, 7458816K highmem)
Sep 21 20:42:58 raspberrypi kernel: [    0.000000] SLUB: HWalign=64, Order=0-3, MinObjects=0, CPUs=4, Nodes=1
Sep 21 20:42:58 raspberrypi kernel: [    0.000000] ftrace: allocating 35501 entries in 105 pages
Sep 21 20:42:58 raspberrypi kernel: [    0.000000] ftrace: allocated 105 pages with 4 groups
Sep 21 20:42:58 raspberrypi kernel: [    0.000000] trace event string verifier disabled
Sep 21 20:42:58 raspberrypi kernel: [    0.000000] rcu: Hierarchical RCU implementation.
Sep 21 20:42:58 raspberrypi kernel: [    0.000000] 	Rude variant of Tasks RCU enabled.
Sep 21 20:42:58 raspberrypi kernel: [    0.000000] 	Tracing variant of Tasks RCU enabled.
Sep 21 20:42:58 raspberrypi kernel: [    0.000000] rcu: RCU calculated value of scheduler-enlistment delay is 10 jiffies.
Sep 21 20:42:58 raspberrypi kernel: [    0.000000] NR_IRQS: 16, nr_irqs: 16, preallocated irqs: 16
Sep 21 20:42:58 raspberrypi kernel: [    0.000000] GIC: Using split EOI/Deactivate mode
Sep 21 20:42:58 raspberrypi kernel: [    0.000000] irq_brcmstb_l2: registered L2 intc (/soc/interrupt-controller@7ef00100, parent irq: 25)
Sep 21 20:42:58 raspberrypi kernel: [    0.000000] arch_timer: cp15 timer(s) running at 54.00MHz (phys).
Sep 21 20:42:58 raspberrypi kernel: [    0.000000] clocksource: arch_sys_counter: mask: 0xffffffffffffff max_cycles: 0xc743ce346, max_idle_ns: 440795203123 ns
Sep 21 20:42:58 raspberrypi kernel: [    0.000000] sched_clock: 56 bits at 54MHz, resolution 18ns, wraps every 4398046511102ns
Sep 21 20:42:58 raspberrypi kernel: [    0.000020] Switching to timer-based delay loop, resolution 18ns
Sep 21 20:42:58 raspberrypi kernel: [    0.000377] Console: colour dummy device 80x30
Sep 21 20:42:58 raspberrypi kernel: [    0.000445] printk: console [tty1] enabled
Sep 21 20:42:58 raspberrypi kernel: [    0.000510] Calibrating delay loop (skipped), value calculated using timer frequency.. 108.00 BogoMIPS (lpj=540000)
Sep 21 20:42:58 raspberrypi kernel: [    0.000541] pid_max: default: 32768 minimum: 301
Sep 21 20:42:58 raspberrypi kernel: [    0.000683] LSM: Security Framework initializing
Sep 21 20:42:58 raspberrypi kernel: [    0.000894] Mount-cache hash table entries: 2048 (order: 1, 8192 bytes, linear)
Sep 21 20:42:58 raspberrypi kernel: [    0.000922] Mountpoint-cache hash table entries: 2048 (order: 1, 8192 bytes, linear)
Sep 21 20:42:58 raspberrypi kernel: [    0.002543] cgroup: Disabling memory control group subsystem
Sep 21 20:42:58 raspberrypi kernel: [    0.002799] CPU: Testing write buffer coherency: ok
Sep 21 20:42:58 raspberrypi kernel: [    0.002859] CPU0: Spectre BHB: enabling loop workaround for all CPUs
Sep 21 20:42:58 raspberrypi kernel: [    0.003337] CPU0: thread -1, cpu 0, socket 0, mpidr 80000000
Sep 21 20:42:58 raspberrypi kernel: [    0.004726] Setting up static identity map for 0x200000 - 0x20003c
Sep 21 20:42:58 raspberrypi kernel: [    0.004934] rcu: Hierarchical SRCU implementation.
Sep 21 20:42:58 raspberrypi kernel: [    0.005967] smp: Bringing up secondary CPUs ...
Sep 21 20:42:58 raspberrypi kernel: [    0.007199] CPU1: thread -1, cpu 1, socket 0, mpidr 80000001
Sep 21 20:42:58 raspberrypi kernel: [    0.008555] CPU2: thread -1, cpu 2, socket 0, mpidr 80000002
Sep 21 20:42:58 raspberrypi kernel: [    0.009868] CPU3: thread -1, cpu 3, socket 0, mpidr 80000003
Sep 21 20:42:58 raspberrypi kernel: [    0.010047] smp: Brought up 1 node, 4 CPUs
Sep 21 20:42:58 raspberrypi kernel: [    0.010069] SMP: Total of 4 processors activated (432.00 BogoMIPS).
Sep 21 20:42:58 raspberrypi kernel: [    0.010088] CPU: All CPU(s) started in HYP mode.
Sep 21 20:42:58 raspberrypi kernel: [    0.010101] CPU: Virtualization extensions available.
Sep 21 20:42:58 raspberrypi kernel: [    0.010921] devtmpfs: initialized
Sep 21 20:42:58 raspberrypi kernel: [    0.026324] VFP support v0.3: implementor 41 architecture 3 part 40 variant 8 rev 0
Sep 21 20:42:58 raspberrypi kernel: [    0.026555] clocksource: jiffies: mask: 0xffffffff max_cycles: 0xffffffff, max_idle_ns: 19112604462750000 ns
Sep 21 20:42:58 raspberrypi kernel: [    0.026591] futex hash table entries: 1024 (order: 4, 65536 bytes, linear)
Sep 21 20:42:58 raspberrypi kernel: [    0.037245] pinctrl core: initialized pinctrl subsystem
Sep 21 20:42:58 raspberrypi kernel: [    0.038555] NET: Registered PF_NETLINK/PF_ROUTE protocol family
Sep 21 20:42:58 raspberrypi kernel: [    0.043307] DMA: preallocated 1024 KiB pool for atomic coherent allocations
Sep 21 20:42:58 raspberrypi kernel: [    0.044132] audit: initializing netlink subsys (disabled)
Sep 21 20:42:58 raspberrypi kernel: [    0.044403] audit: type=2000 audit(0.040:1): state=initialized audit_enabled=0 res=1
Sep 21 20:42:58 raspberrypi kernel: [    0.045079] thermal_sys: Registered thermal governor 'step_wise'
Sep 21 20:42:58 raspberrypi kernel: [    0.045904] hw-breakpoint: found 5 (+1 reserved) breakpoint and 4 watchpoint registers.
Sep 21 20:42:58 raspberrypi kernel: [    0.045924] hw-breakpoint: maximum watchpoint size is 8 bytes.
Sep 21 20:42:58 raspberrypi kernel: [    0.046354] Serial: AMBA PL011 UART driver
Sep 21 20:42:58 raspberrypi kernel: [    0.060306] bcm2835-mbox fe00b880.mailbox: mailbox enabled
Sep 21 20:42:58 raspberrypi kernel: [    0.100091] raspberrypi-firmware soc:firmware: Attached to firmware from 2022-08-26T14:03:16, variant start
Sep 21 20:42:58 raspberrypi kernel: [    0.110106] raspberrypi-firmware soc:firmware: Firmware hash is 102f1e848393c2112206fadffaaf86db04e98326
Sep 21 20:42:58 raspberrypi kernel: [    0.169143] Kprobes globally optimized
Sep 21 20:42:58 raspberrypi kernel: [    0.175320] bcm2835-dma fe007000.dma: DMA legacy API manager, dmachans=0x1
Sep 21 20:42:58 raspberrypi kernel: [    0.179981] vgaarb: loaded
Sep 21 20:42:58 raspberrypi kernel: [    0.181034] SCSI subsystem initialized
Sep 21 20:42:58 raspberrypi kernel: [    0.181283] usbcore: registered new interface driver usbfs
Sep 21 20:42:58 raspberrypi kernel: [    0.181346] usbcore: registered new interface driver hub
Sep 21 20:42:58 raspberrypi kernel: [    0.181432] usbcore: registered new device driver usb
Sep 21 20:42:58 raspberrypi kernel: [    0.181845] usb_phy_generic phy: supply vcc not found, using dummy regulator
Sep 21 20:42:58 raspberrypi kernel: [    0.182047] usb_phy_generic phy: dummy supplies not allowed for exclusive requests
Sep 21 20:42:58 raspberrypi kernel: [    0.182378] pps_core: LinuxPPS API ver. 1 registered
Sep 21 20:42:58 raspberrypi kernel: [    0.182394] pps_core: Software ver. 5.3.6 - Copyright 2005-2007 Rodolfo Giometti <giometti@linux.it>
Sep 21 20:42:58 raspberrypi kernel: [    0.182424] PTP clock support registered
Sep 21 20:42:58 raspberrypi kernel: [    0.184197] clocksource: Switched to clocksource arch_sys_counter
Sep 21 20:42:58 raspberrypi kernel: [    0.265059] VFS: Disk quotas dquot_6.6.0
Sep 21 20:42:58 raspberrypi kernel: [    0.265170] VFS: Dquot-cache hash table entries: 1024 (order 0, 4096 bytes)
Sep 21 20:42:58 raspberrypi kernel: [    0.265358] FS-Cache: Loaded
Sep 21 20:42:58 raspberrypi kernel: [    0.265583] CacheFiles: Loaded
Sep 21 20:42:58 raspberrypi kernel: [    0.266757] simple-framebuffer 3e330000.framebuffer: framebuffer at 0x3e330000, 0x8ca000 bytes
Sep 21 20:42:58 raspberrypi kernel: [    0.266780] simple-framebuffer 3e330000.framebuffer: format=a8r8g8b8, mode=1920x1200x32, linelength=7680
Sep 21 20:42:58 raspberrypi kernel: [    0.267360] Console: switching to colour frame buffer device 240x75
Sep 21 20:42:58 raspberrypi kernel: [    0.279245] simple-framebuffer 3e330000.framebuffer: fb0: simplefb registered!
Sep 21 20:42:58 raspberrypi kernel: [    0.289778] NET: Registered PF_INET protocol family
Sep 21 20:42:58 raspberrypi kernel: [    0.290060] IP idents hash table entries: 16384 (order: 5, 131072 bytes, linear)
Sep 21 20:42:58 raspberrypi kernel: [    0.291712] tcp_listen_portaddr_hash hash table entries: 512 (order: 0, 6144 bytes, linear)
Sep 21 20:42:58 raspberrypi kernel: [    0.291745] Table-perturb hash table entries: 65536 (order: 6, 262144 bytes, linear)
Sep 21 20:42:58 raspberrypi kernel: [    0.291770] TCP established hash table entries: 8192 (order: 3, 32768 bytes, linear)
Sep 21 20:42:58 raspberrypi kernel: [    0.291836] TCP bind hash table entries: 8192 (order: 4, 65536 bytes, linear)
Sep 21 20:42:58 raspberrypi kernel: [    0.291916] TCP: Hash tables configured (established 8192 bind 8192)
Sep 21 20:42:58 raspberrypi kernel: [    0.292081] UDP hash table entries: 512 (order: 2, 16384 bytes, linear)
Sep 21 20:42:58 raspberrypi kernel: [    0.292122] UDP-Lite hash table entries: 512 (order: 2, 16384 bytes, linear)
Sep 21 20:42:58 raspberrypi kernel: [    0.292391] NET: Registered PF_UNIX/PF_LOCAL protocol family
Sep 21 20:42:58 raspberrypi kernel: [    0.295160] RPC: Registered named UNIX socket transport module.
Sep 21 20:42:58 raspberrypi kernel: [    0.295179] RPC: Registered udp transport module.
Sep 21 20:42:58 raspberrypi kernel: [    0.295193] RPC: Registered tcp transport module.
Sep 21 20:42:58 raspberrypi kernel: [    0.295207] RPC: Registered tcp NFSv4.1 backchannel transport module.
Sep 21 20:42:58 raspberrypi kernel: [    0.295229] PCI: CLS 0 bytes, default 64
Sep 21 20:42:58 raspberrypi kernel: [    1.333503] hw perfevents: enabled with armv7_cortex_a7 PMU driver, 7 counters available
Sep 21 20:42:58 raspberrypi kernel: [    1.336242] Initialise system trusted keyrings
Sep 21 20:42:58 raspberrypi kernel: [    1.336587] workingset: timestamp_bits=14 max_order=21 bucket_order=7
Sep 21 20:42:58 raspberrypi kernel: [    1.345744] zbud: loaded
Sep 21 20:42:58 raspberrypi kernel: [    1.347822] FS-Cache: Netfs 'nfs' registered for caching
Sep 21 20:42:58 raspberrypi kernel: [    1.348729] NFS: Registering the id_resolver key type
Sep 21 20:42:58 raspberrypi kernel: [    1.348773] Key type id_resolver registered
Sep 21 20:42:58 raspberrypi kernel: [    1.348788] Key type id_legacy registered
Sep 21 20:42:58 raspberrypi kernel: [    1.348921] nfs4filelayout_init: NFSv4 File Layout Driver Registering...
Sep 21 20:42:58 raspberrypi kernel: [    1.348938] nfs4flexfilelayout_init: NFSv4 Flexfile Layout Driver Registering...
Sep 21 20:42:58 raspberrypi kernel: [    1.350047] Key type asymmetric registered
Sep 21 20:42:58 raspberrypi kernel: [    1.350064] Asymmetric key parser 'x509' registered
Sep 21 20:42:58 raspberrypi kernel: [    1.350297] bounce: pool size: 64 pages
Sep 21 20:42:58 raspberrypi kernel: [    1.350376] Block layer SCSI generic (bsg) driver version 0.4 loaded (major 247)
Sep 21 20:42:58 raspberrypi kernel: [    1.350613] io scheduler mq-deadline registered
Sep 21 20:42:58 raspberrypi kernel: [    1.350630] io scheduler kyber registered
Sep 21 20:42:58 raspberrypi kernel: [    1.360178] brcm-pcie fd500000.pcie: host bridge /scb/pcie@7d500000 ranges:
Sep 21 20:42:58 raspberrypi kernel: [    1.360219] brcm-pcie fd500000.pcie:   No bus range found for /scb/pcie@7d500000, using [bus 00-ff]
Sep 21 20:42:58 raspberrypi kernel: [    1.360315] brcm-pcie fd500000.pcie:      MEM 0x0600000000..0x063fffffff -> 0x00c0000000
Sep 21 20:42:58 raspberrypi kernel: [    1.360407] brcm-pcie fd500000.pcie:   IB MEM 0x0000000000..0x01ffffffff -> 0x0400000000
Sep 21 20:42:58 raspberrypi kernel: [    1.416302] brcm-pcie fd500000.pcie: link up, 5.0 GT/s PCIe x1 (SSC)
Sep 21 20:42:58 raspberrypi kernel: [    1.416708] brcm-pcie fd500000.pcie: PCI host bridge to bus 0000:00
Sep 21 20:42:58 raspberrypi kernel: [    1.416728] pci_bus 0000:00: root bus resource [bus 00-ff]
Sep 21 20:42:58 raspberrypi kernel: [    1.416750] pci_bus 0000:00: root bus resource [mem 0x600000000-0x63fffffff] (bus address [0xc0000000-0xffffffff])
Sep 21 20:42:58 raspberrypi kernel: [    1.416843] pci 0000:00:00.0: [14e4:2711] type 01 class 0x060400
Sep 21 20:42:58 raspberrypi kernel: [    1.417094] pci 0000:00:00.0: PME# supported from D0 D3hot
Sep 21 20:42:58 raspberrypi kernel: [    1.420761] PCI: bus0: Fast back to back transfers disabled
Sep 21 20:42:58 raspberrypi kernel: [    1.420785] pci 0000:00:00.0: bridge configuration invalid ([bus 00-00]), reconfiguring
Sep 21 20:42:58 raspberrypi kernel: [    1.421159] pci 0000:01:00.0: [1106:3483] type 00 class 0x0c0330
Sep 21 20:42:58 raspberrypi kernel: [    1.421289] pci 0000:01:00.0: reg 0x10: [mem 0x00000000-0x00000fff 64bit]
Sep 21 20:42:58 raspberrypi kernel: [    1.421724] pci 0000:01:00.0: PME# supported from D0 D3hot
Sep 21 20:42:58 raspberrypi kernel: [    1.425399] PCI: bus1: Fast back to back transfers disabled
Sep 21 20:42:58 raspberrypi kernel: [    1.425419] pci_bus 0000:01: busn_res: [bus 01-ff] end is updated to 01
Sep 21 20:42:58 raspberrypi kernel: [    1.425466] pci 0000:00:00.0: BAR 8: assigned [mem 0x600000000-0x6000fffff]
Sep 21 20:42:58 raspberrypi kernel: [    1.425492] pci 0000:01:00.0: BAR 0: assigned [mem 0x600000000-0x600000fff 64bit]
Sep 21 20:42:58 raspberrypi kernel: [    1.425578] pci 0000:00:00.0: PCI bridge to [bus 01]
Sep 21 20:42:58 raspberrypi kernel: [    1.425603] pci 0000:00:00.0:   bridge window [mem 0x600000000-0x6000fffff]
Sep 21 20:42:58 raspberrypi kernel: [    1.426022] pcieport 0000:00:00.0: enabling device (0140 -> 0142)
Sep 21 20:42:58 raspberrypi kernel: [    1.426260] pcieport 0000:00:00.0: PME: Signaling with IRQ 77
Sep 21 20:42:58 raspberrypi kernel: [    1.440286] iproc-rng200 fe104000.rng: hwrng registered
Sep 21 20:42:58 raspberrypi kernel: [    1.440663] vc-mem: phys_addr:0x00000000 mem_base=0x3ec00000 mem_size:0x40000000(1024 MiB)
Sep 21 20:42:58 raspberrypi kernel: [    1.442251] gpiomem-bcm2835 fe200000.gpiomem: Initialised: Registers at 0xfe200000
Sep 21 20:42:58 raspberrypi kernel: [    1.455574] brd: module loaded
Sep 21 20:42:58 raspberrypi kernel: [    1.466259] loop: module loaded
Sep 21 20:42:58 raspberrypi kernel: [    1.467098] Loading iSCSI transport class v2.0-870.
Sep 21 20:42:58 raspberrypi kernel: [    1.472487] bcmgenet fd580000.ethernet: GENET 5.0 EPHY: 0x0000
Sep 21 20:42:58 raspberrypi kernel: [    1.564363] unimac-mdio unimac-mdio.-19: Broadcom UniMAC MDIO bus
Sep 21 20:42:58 raspberrypi kernel: [    1.565638] usbcore: registered new interface driver r8152
Sep 21 20:42:58 raspberrypi kernel: [    1.565709] usbcore: registered new interface driver lan78xx
Sep 21 20:42:58 raspberrypi kernel: [    1.565771] usbcore: registered new interface driver smsc95xx
Sep 21 20:42:58 raspberrypi kernel: [    1.614611] xhci_hcd 0000:01:00.0: xHCI Host Controller
Sep 21 20:42:58 raspberrypi kernel: [    1.614649] xhci_hcd 0000:01:00.0: new USB bus registered, assigned bus number 1
Sep 21 20:42:58 raspberrypi kernel: [    1.620259] xhci_hcd 0000:01:00.0: hcc params 0x002841eb hci version 0x100 quirks 0x00003c0000000890
Sep 21 20:42:58 raspberrypi kernel: [    1.621370] xhci_hcd 0000:01:00.0: xHCI Host Controller
Sep 21 20:42:58 raspberrypi kernel: [    1.621398] xhci_hcd 0000:01:00.0: new USB bus registered, assigned bus number 2
Sep 21 20:42:58 raspberrypi kernel: [    1.621424] xhci_hcd 0000:01:00.0: Host supports USB 3.0 SuperSpeed
Sep 21 20:42:58 raspberrypi kernel: [    1.621819] usb usb1: New USB device found, idVendor=1d6b, idProduct=0002, bcdDevice= 5.15
Sep 21 20:42:58 raspberrypi kernel: [    1.621843] usb usb1: New USB device strings: Mfr=3, Product=2, SerialNumber=1
Sep 21 20:42:58 raspberrypi kernel: [    1.621862] usb usb1: Product: xHCI Host Controller
Sep 21 20:42:58 raspberrypi kernel: [    1.621878] usb usb1: Manufacturer: Linux 5.15.61-v7l+ xhci-hcd
Sep 21 20:42:58 raspberrypi kernel: [    1.621894] usb usb1: SerialNumber: 0000:01:00.0
Sep 21 20:42:58 raspberrypi kernel: [    1.622671] hub 1-0:1.0: USB hub found
Sep 21 20:42:58 raspberrypi kernel: [    1.622741] hub 1-0:1.0: 1 port detected
Sep 21 20:42:58 raspberrypi kernel: [    1.623760] usb usb2: New USB device found, idVendor=1d6b, idProduct=0003, bcdDevice= 5.15
Sep 21 20:42:58 raspberrypi kernel: [    1.623783] usb usb2: New USB device strings: Mfr=3, Product=2, SerialNumber=1
Sep 21 20:42:58 raspberrypi kernel: [    1.623801] usb usb2: Product: xHCI Host Controller
Sep 21 20:42:58 raspberrypi kernel: [    1.623818] usb usb2: Manufacturer: Linux 5.15.61-v7l+ xhci-hcd
Sep 21 20:42:58 raspberrypi kernel: [    1.623834] usb usb2: SerialNumber: 0000:01:00.0
Sep 21 20:42:58 raspberrypi kernel: [    1.624590] hub 2-0:1.0: USB hub found
Sep 21 20:42:58 raspberrypi kernel: [    1.624692] hub 2-0:1.0: 4 ports detected
Sep 21 20:42:58 raspberrypi kernel: [    1.626651] dwc_otg: version 3.00a 10-AUG-2012 (platform bus)
Sep 21 20:42:58 raspberrypi kernel: [    1.627008] dwc_otg: FIQ enabled
Sep 21 20:42:58 raspberrypi kernel: [    1.627023] dwc_otg: NAK holdoff enabled
Sep 21 20:42:58 raspberrypi kernel: [    1.627036] dwc_otg: FIQ split-transaction FSM enabled
Sep 21 20:42:58 raspberrypi kernel: [    1.627054] Module dwc_common_port init
Sep 21 20:42:58 raspberrypi kernel: [    1.627533] usbcore: registered new interface driver uas
Sep 21 20:42:58 raspberrypi kernel: [    1.627645] usbcore: registered new interface driver usb-storage
Sep 21 20:42:58 raspberrypi kernel: [    1.627896] mousedev: PS/2 mouse device common for all mice
Sep 21 20:42:58 raspberrypi kernel: [    1.633732] sdhci: Secure Digital Host Controller Interface driver
Sep 21 20:42:58 raspberrypi kernel: [    1.633752] sdhci: Copyright(c) Pierre Ossman
Sep 21 20:42:58 raspberrypi kernel: [    1.634544] sdhci-pltfm: SDHCI platform and OF driver helper
Sep 21 20:42:58 raspberrypi kernel: [    1.638384] ledtrig-cpu: registered to indicate activity on CPUs
Sep 21 20:42:58 raspberrypi kernel: [    1.638741] hid: raw HID events driver (C) Jiri Kosina
Sep 21 20:42:58 raspberrypi kernel: [    1.638926] usbcore: registered new interface driver usbhid
Sep 21 20:42:58 raspberrypi kernel: [    1.638941] usbhid: USB HID core driver
Sep 21 20:42:58 raspberrypi kernel: [    1.645945] Initializing XFRM netlink socket
Sep 21 20:42:58 raspberrypi kernel: [    1.645995] NET: Registered PF_PACKET protocol family
Sep 21 20:42:58 raspberrypi kernel: [    1.646115] Key type dns_resolver registered
Sep 21 20:42:58 raspberrypi kernel: [    1.646611] Registering SWP/SWPB emulation handler
Sep 21 20:42:58 raspberrypi kernel: [    1.647431] registered taskstats version 1
Sep 21 20:42:58 raspberrypi kernel: [    1.647462] Loading compiled-in X.509 certificates
Sep 21 20:42:58 raspberrypi kernel: [    1.648315] Key type ._fscrypt registered
Sep 21 20:42:58 raspberrypi kernel: [    1.648333] Key type .fscrypt registered
Sep 21 20:42:58 raspberrypi kernel: [    1.648347] Key type fscrypt-provisioning registered
Sep 21 20:42:58 raspberrypi kernel: [    1.660869] uart-pl011 fe201000.serial: there is not valid maps for state default
Sep 21 20:42:58 raspberrypi kernel: [    1.661205] uart-pl011 fe201000.serial: cts_event_workaround enabled
Sep 21 20:42:58 raspberrypi kernel: [    1.661362] fe201000.serial: ttyAMA0 at MMIO 0xfe201000 (irq = 34, base_baud = 0) is a PL011 rev2
Sep 21 20:42:58 raspberrypi kernel: [    1.670895] bcm2835-wdt bcm2835-wdt: Broadcom BCM2835 watchdog timer
Sep 21 20:42:58 raspberrypi kernel: [    1.671393] bcm2835-power bcm2835-power: Broadcom BCM2835 power domains driver
Sep 21 20:42:58 raspberrypi kernel: [    1.672701] mmc-bcm2835 fe300000.mmcnr: mmc_debug:0 mmc_debug2:0
Sep 21 20:42:58 raspberrypi kernel: [    1.672722] mmc-bcm2835 fe300000.mmcnr: DMA channel allocated
Sep 21 20:42:58 raspberrypi kernel: [    1.703082] of_cfs_init
Sep 21 20:42:58 raspberrypi kernel: [    1.703335] of_cfs_init: OK
Sep 21 20:42:58 raspberrypi kernel: [    1.738811] mmc0: SDHCI controller on fe340000.mmc [fe340000.mmc] using ADMA
Sep 21 20:42:58 raspberrypi kernel: [    1.739138] Waiting for root device PARTUUID=c8e52268-02...
Sep 21 20:42:58 raspberrypi kernel: [    1.838351] mmc0: new ultra high speed DDR50 SDXC card at address 59b4
Sep 21 20:42:58 raspberrypi kernel: [    1.839358] mmcblk0: mmc0:59b4 GD2S5 119 GiB 
Sep 21 20:42:58 raspberrypi kernel: [    1.845651]  mmcblk0: p1 p2
Sep 21 20:42:58 raspberrypi kernel: [    1.845961] mmc1: new high speed SDIO card at address 0001
Sep 21 20:42:58 raspberrypi kernel: [    1.846855] mmcblk0: mmc0:59b4 GD2S5 119 GiB
Sep 21 20:42:58 raspberrypi kernel: [    1.890200] EXT4-fs (mmcblk0p2): mounted filesystem with ordered data mode. Opts: (null). Quota mode: none.
Sep 21 20:42:58 raspberrypi kernel: [    1.890300] VFS: Mounted root (ext4 filesystem) readonly on device 179:2.
Sep 21 20:42:58 raspberrypi kernel: [    1.891078] devtmpfs: mounted
Sep 21 20:42:58 raspberrypi kernel: [    1.902357] Freeing unused kernel image (initmem) memory: 2048K
Sep 21 20:42:58 raspberrypi kernel: [    1.904264] usb 1-1: new high-speed USB device number 2 using xhci_hcd
Sep 21 20:42:58 raspberrypi kernel: [    1.904794] Run /sbin/init as init process
Sep 21 20:42:58 raspberrypi kernel: [    1.904809]   with arguments:
Sep 21 20:42:58 raspberrypi kernel: [    1.904821]     /sbin/init
Sep 21 20:42:58 raspberrypi kernel: [    1.904834]     splash
Sep 21 20:42:58 raspberrypi kernel: [    1.904847]   with environment:
Sep 21 20:42:58 raspberrypi kernel: [    1.904859]     HOME=/
Sep 21 20:42:58 raspberrypi kernel: [    1.904871]     TERM=linux
Sep 21 20:42:58 raspberrypi kernel: [    2.086925] usb 1-1: New USB device found, idVendor=2109, idProduct=3431, bcdDevice= 4.21
Sep 21 20:42:58 raspberrypi kernel: [    2.086961] usb 1-1: New USB device strings: Mfr=0, Product=1, SerialNumber=0
Sep 21 20:42:58 raspberrypi kernel: [    2.086982] usb 1-1: Product: USB2.0 Hub
Sep 21 20:42:58 raspberrypi kernel: [    2.089382] hub 1-1:1.0: USB hub found
Sep 21 20:42:58 raspberrypi kernel: [    2.089666] hub 1-1:1.0: 4 ports detected
Sep 21 20:42:58 raspberrypi kernel: [    2.414279] usb 1-1.3: new low-speed USB device number 3 using xhci_hcd
Sep 21 20:42:58 raspberrypi kernel: [    2.426894] NET: Registered PF_INET6 protocol family
Sep 21 20:42:58 raspberrypi kernel: [    2.428750] Segment Routing with IPv6
Sep 21 20:42:58 raspberrypi kernel: [    2.428795] In-situ OAM (IOAM) with IPv6
Sep 21 20:42:58 raspberrypi kernel: [    2.588593] usb 1-1.3: New USB device found, idVendor=03f0, idProduct=034a, bcdDevice= 1.21
Sep 21 20:42:58 raspberrypi kernel: [    2.588630] usb 1-1.3: New USB device strings: Mfr=1, Product=2, SerialNumber=0
Sep 21 20:42:58 raspberrypi kernel: [    2.588652] usb 1-1.3: Product: HP Elite USB Keyboard
Sep 21 20:42:58 raspberrypi kernel: [    2.588669] usb 1-1.3: Manufacturer: Chicony
Sep 21 20:42:58 raspberrypi kernel: [    2.615816] input: Chicony HP Elite USB Keyboard as /devices/platform/scb/fd500000.pcie/pci0000:00/0000:00:00.0/0000:01:00.0/usb1/1-1/1-1.3/1-1.3:1.0/0003:03F0:034A.0001/input/input0
Sep 21 20:42:58 raspberrypi kernel: [    2.685188] hid-generic 0003:03F0:034A.0001: input,hidraw0: USB HID v1.10 Keyboard [Chicony HP Elite USB Keyboard] on usb-0000:01:00.0-1.3/input0
Sep 21 20:42:58 raspberrypi kernel: [    2.701793] input: Chicony HP Elite USB Keyboard System Control as /devices/platform/scb/fd500000.pcie/pci0000:00/0000:00:00.0/0000:01:00.0/usb1/1-1/1-1.3/1-1.3:1.1/0003:03F0:034A.0002/input/input1
Sep 21 20:42:58 raspberrypi kernel: [    2.764747] input: Chicony HP Elite USB Keyboard Consumer Control as /devices/platform/scb/fd500000.pcie/pci0000:00/0000:00:00.0/0000:01:00.0/usb1/1-1/1-1.3/1-1.3:1.1/0003:03F0:034A.0002/input/input2
Sep 21 20:42:58 raspberrypi kernel: [    2.765088] hid-generic 0003:03F0:034A.0002: input,hidraw1: USB HID v1.10 Device [Chicony HP Elite USB Keyboard] on usb-0000:01:00.0-1.3/input1
Sep 21 20:42:58 raspberrypi kernel: [    2.864298] usb 1-1.4: new low-speed USB device number 4 using xhci_hcd
Sep 21 20:42:58 raspberrypi kernel: [    3.022892] usb 1-1.4: New USB device found, idVendor=03f0, idProduct=094a, bcdDevice= 1.00
Sep 21 20:42:58 raspberrypi kernel: [    3.022921] usb 1-1.4: New USB device strings: Mfr=1, Product=2, SerialNumber=0
Sep 21 20:42:58 raspberrypi kernel: [    3.022942] usb 1-1.4: Product: HP USB Optical Mouse
Sep 21 20:42:58 raspberrypi kernel: [    3.022959] usb 1-1.4: Manufacturer: PixArt
Sep 21 20:42:58 raspberrypi kernel: [    3.032463] input: PixArt HP USB Optical Mouse as /devices/platform/scb/fd500000.pcie/pci0000:00/0000:00:00.0/0000:01:00.0/usb1/1-1/1-1.4/1-1.4:1.0/0003:03F0:094A.0003/input/input3
Sep 21 20:42:58 raspberrypi kernel: [    3.033034] hid-generic 0003:03F0:094A.0003: input,hidraw2: USB HID v1.11 Mouse [PixArt HP USB Optical Mouse] on usb-0000:01:00.0-1.4/input0
Sep 21 20:42:58 raspberrypi kernel: [    3.670953] fuse: init (API version 7.34)
Sep 21 20:42:58 raspberrypi kernel: [    3.736304] i2c_dev: i2c /dev entries driver
Sep 21 20:42:58 raspberrypi kernel: [    4.176611] EXT4-fs (mmcblk0p2): re-mounted. Opts: (null). Quota mode: none.
Sep 21 20:42:58 raspberrypi kernel: [    5.530015] mc: Linux media interface: v0.10
Sep 21 20:42:58 raspberrypi kernel: [    5.557015] vc_sm_cma: module is from the staging directory, the quality is unknown, you have been warned.
Sep 21 20:42:58 raspberrypi kernel: [    5.599538] bcm2835_vc_sm_cma_probe: Videocore shared memory driver
Sep 21 20:42:58 raspberrypi kernel: [    5.599573] [vc_sm_connected_init]: start
Sep 21 20:42:58 raspberrypi kernel: [    5.623927] [vc_sm_connected_init]: installed successfully
Sep 21 20:42:58 raspberrypi kernel: [    5.772232] snd_bcm2835: module is from the staging directory, the quality is unknown, you have been warned.
Sep 21 20:42:58 raspberrypi kernel: [    5.810001] videodev: Linux video capture interface: v2.00
Sep 21 20:42:58 raspberrypi kernel: [    5.871013] brcmstb-i2c fef04500.i2c:  @97500hz registered in polling mode
Sep 21 20:42:58 raspberrypi kernel: [    5.901879] brcmstb-i2c fef09500.i2c:  @97500hz registered in polling mode
Sep 21 20:42:58 raspberrypi kernel: [    5.927648] bcm2835_audio bcm2835_audio: card created with 8 channels
Sep 21 20:42:58 raspberrypi kernel: [    5.965786] rpivid_hevc: module is from the staging directory, the quality is unknown, you have been warned.
Sep 21 20:42:58 raspberrypi kernel: [    6.034320] rpivid feb10000.codec: Device registered as /dev/video19
Sep 21 20:42:58 raspberrypi kernel: [    6.054579] bcm2835_mmal_vchiq: module is from the staging directory, the quality is unknown, you have been warned.
Sep 21 20:42:58 raspberrypi kernel: [    6.059444] bcm2835_mmal_vchiq: module is from the staging directory, the quality is unknown, you have been warned.
Sep 21 20:42:58 raspberrypi kernel: [    6.118323] bcm2835_isp: module is from the staging directory, the quality is unknown, you have been warned.
Sep 21 20:42:58 raspberrypi kernel: [    6.181392] bcm2835_codec: module is from the staging directory, the quality is unknown, you have been warned.
Sep 21 20:42:58 raspberrypi kernel: [    6.198791] bcm2835-codec bcm2835-codec: Device registered as /dev/video10
Sep 21 20:42:58 raspberrypi kernel: [    6.198857] bcm2835-codec bcm2835-codec: Loaded V4L2 decode
Sep 21 20:42:58 raspberrypi kernel: [    6.208634] bcm2835-codec bcm2835-codec: Device registered as /dev/video11
Sep 21 20:42:58 raspberrypi kernel: [    6.208689] bcm2835-codec bcm2835-codec: Loaded V4L2 encode
Sep 21 20:42:58 raspberrypi kernel: [    6.210998] bcm2835-isp bcm2835-isp: Device node output[0] registered as /dev/video13
Sep 21 20:42:58 raspberrypi kernel: [    6.215321] bcm2835-isp bcm2835-isp: Device node capture[0] registered as /dev/video14
Sep 21 20:42:58 raspberrypi kernel: [    6.216958] bcm2835-isp bcm2835-isp: Device node capture[1] registered as /dev/video15
Sep 21 20:42:58 raspberrypi kernel: [    6.219203] bcm2835-isp bcm2835-isp: Device node stats[2] registered as /dev/video16
Sep 21 20:42:58 raspberrypi kernel: [    6.219249] bcm2835-isp bcm2835-isp: Register output node 0 with media controller
Sep 21 20:42:58 raspberrypi kernel: [    6.219294] bcm2835-isp bcm2835-isp: Register capture node 1 with media controller
Sep 21 20:42:58 raspberrypi kernel: [    6.219338] bcm2835-isp bcm2835-isp: Register capture node 2 with media controller
Sep 21 20:42:58 raspberrypi kernel: [    6.219361] bcm2835-isp bcm2835-isp: Register capture node 3 with media controller
Sep 21 20:42:58 raspberrypi kernel: [    6.221253] bcm2835-codec bcm2835-codec: Device registered as /dev/video12
Sep 21 20:42:58 raspberrypi kernel: [    6.221311] bcm2835-codec bcm2835-codec: Loaded V4L2 isp
Sep 21 20:42:58 raspberrypi kernel: [    6.244550] bcm2835-codec bcm2835-codec: Device registered as /dev/video18
Sep 21 20:42:58 raspberrypi kernel: [    6.244607] bcm2835-codec bcm2835-codec: Loaded V4L2 image_fx
Sep 21 20:42:58 raspberrypi kernel: [    6.303586] bcm2835-isp bcm2835-isp: Device node output[0] registered as /dev/video20
Sep 21 20:42:58 raspberrypi kernel: [    6.304361] bcm2835-isp bcm2835-isp: Device node capture[0] registered as /dev/video21
Sep 21 20:42:58 raspberrypi kernel: [    6.304878] bcm2835-isp bcm2835-isp: Device node capture[1] registered as /dev/video22
Sep 21 20:42:58 raspberrypi kernel: [    6.305292] bcm2835-isp bcm2835-isp: Device node stats[2] registered as /dev/video23
Sep 21 20:42:58 raspberrypi kernel: [    6.305328] bcm2835-isp bcm2835-isp: Register output node 0 with media controller
Sep 21 20:42:58 raspberrypi kernel: [    6.305354] bcm2835-isp bcm2835-isp: Register capture node 1 with media controller
Sep 21 20:42:58 raspberrypi kernel: [    6.305376] bcm2835-isp bcm2835-isp: Register capture node 2 with media controller
Sep 21 20:42:58 raspberrypi kernel: [    6.305398] bcm2835-isp bcm2835-isp: Register capture node 3 with media controller
Sep 21 20:42:58 raspberrypi kernel: [    6.310375] bcm2835-isp bcm2835-isp: Loaded V4L2 bcm2835-isp
Sep 21 20:42:58 raspberrypi kernel: [    6.349431] bcm2835-codec bcm2835-codec: Device registered as /dev/video31
Sep 21 20:42:58 raspberrypi kernel: [    6.349514] bcm2835-codec bcm2835-codec: Loaded V4L2 encode_image
Sep 21 20:42:58 raspberrypi kernel: [    6.580696] bcm2835_v4l2: module is from the staging directory, the quality is unknown, you have been warned.
Sep 21 20:42:58 raspberrypi kernel: [    6.635148] cfg80211: Loading compiled-in X.509 certificates for regulatory database
Sep 21 20:42:58 raspberrypi kernel: [    6.720403] cfg80211: Loaded X.509 cert 'sforshee: 00b28ddf47aef9cea7'
Sep 21 20:42:58 raspberrypi kernel: [    6.745901] [drm] Initialized v3d 1.0.0 20180419 for fec00000.v3d on minor 0
Sep 21 20:42:58 raspberrypi kernel: [    6.816561] cfg80211: loaded regulatory.db is malformed or signature is missing/invalid
Sep 21 20:42:58 raspberrypi kernel: [    7.569090] brcmfmac: F1 signature read @0x18000000=0x15264345
Sep 21 20:42:58 raspberrypi kernel: [    7.608724] brcmfmac: brcmf_fw_alloc_request: using brcm/brcmfmac43455-sdio for chip BCM4345/6
Sep 21 20:42:58 raspberrypi kernel: [    7.610662] brcmfmac mmc1:0001:1: Direct firmware load for brcm/brcmfmac43455-sdio.raspberrypi,4-model-b.bin failed with error -2
Sep 21 20:42:58 raspberrypi kernel: [    7.930933] brcmfmac: brcmf_fw_alloc_request: using brcm/brcmfmac43455-sdio for chip BCM4345/6
Sep 21 20:42:58 raspberrypi kernel: [    7.931113] brcmfmac: brcmf_fw_alloc_request: using brcm/brcmfmac43455-sdio for chip BCM4345/6
Sep 21 20:42:58 raspberrypi kernel: [    7.940551] brcmfmac: brcmf_c_preinit_dcmds: Firmware: BCM4345/6 wl0: Nov  1 2021 00:37:25 version 7.45.241 (1a2f2fa CY) FWID 01-703fd60
Sep 21 20:42:58 raspberrypi kernel: [    7.993474] uart-pl011 fe201000.serial: no DMA platform data
Sep 21 20:42:58 raspberrypi kernel: [    8.061170] usbcore: registered new interface driver brcmfmac
Sep 21 20:42:58 raspberrypi kernel: [    8.109349] 8021q: 802.1Q VLAN Support v1.8
Sep 21 20:42:58 raspberrypi kernel: [    8.140808] checking generic (3e330000 8ca000) vs hw (0 ffffffffffffffff)
Sep 21 20:42:58 raspberrypi kernel: [    8.140841] fb0: switching to vc4 from simple
Sep 21 20:42:58 raspberrypi kernel: [    8.307799] bcmgenet fd580000.ethernet: configuring instance for external RGMII (RX delay)
Sep 21 20:42:58 raspberrypi kernel: [    8.311282] bcmgenet fd580000.ethernet eth0: Link is Down
Sep 21 20:42:58 raspberrypi kernel: [    8.385667] Console: switching to colour dummy device 80x30
Sep 21 20:42:58 raspberrypi kernel: [    8.426349] vc4-drm gpu: bound fe400000.hvs (ops vc4_hvs_ops [vc4])
Sep 21 20:42:58 raspberrypi kernel: [    8.467335] Registered IR keymap rc-cec
Sep 21 20:42:59 raspberrypi kernel: [    8.595130] rc rc0: vc4 as /devices/platform/soc/fef00700.hdmi/rc/rc0
Sep 21 20:42:59 raspberrypi kernel: [    8.667976] Adding 102396k swap on /var/swap.  Priority:-2 extents:1 across:102396k SSFS
Sep 21 20:42:59 raspberrypi kernel: [    8.772757] input: vc4 as /devices/platform/soc/fef00700.hdmi/rc/rc0/input4
Sep 21 20:43:00 raspberrypi kernel: [   10.370197] vc4-drm gpu: bound fe400000.hvs (ops vc4_hvs_ops [vc4])
Sep 21 20:43:00 raspberrypi kernel: [   10.388684] Registered IR keymap rc-cec
Sep 21 20:43:00 raspberrypi kernel: [   10.388887] rc rc0: vc4 as /devices/platform/soc/fef00700.hdmi/rc/rc0
Sep 21 20:43:00 raspberrypi kernel: [   10.389244] input: vc4 as /devices/platform/soc/fef00700.hdmi/rc/rc0/input5
Sep 21 20:43:00 raspberrypi kernel: [   10.392980] vc4-drm gpu: bound fef00700.hdmi (ops vc4_hdmi_ops [vc4])
Sep 21 20:43:00 raspberrypi kernel: [   10.437954] Registered IR keymap rc-cec
Sep 21 20:43:00 raspberrypi kernel: [   10.438056] rc rc1: vc4 as /devices/platform/soc/fef05700.hdmi/rc/rc1
Sep 21 20:43:00 raspberrypi kernel: [   10.438173] input: vc4 as /devices/platform/soc/fef05700.hdmi/rc/rc1/input6
Sep 21 20:43:00 raspberrypi kernel: [   10.443308] vc4-drm gpu: bound fef05700.hdmi (ops vc4_hdmi_ops [vc4])
Sep 21 20:43:00 raspberrypi kernel: [   10.443527] vc4-drm gpu: bound fe004000.txp (ops vc4_txp_ops [vc4])
Sep 21 20:43:00 raspberrypi kernel: [   10.443676] vc4-drm gpu: bound fe206000.pixelvalve (ops vc4_crtc_ops [vc4])
Sep 21 20:43:00 raspberrypi kernel: [   10.443828] vc4-drm gpu: bound fe207000.pixelvalve (ops vc4_crtc_ops [vc4])
Sep 21 20:43:00 raspberrypi kernel: [   10.443973] vc4-drm gpu: bound fe20a000.pixelvalve (ops vc4_crtc_ops [vc4])
Sep 21 20:43:00 raspberrypi kernel: [   10.444126] vc4-drm gpu: bound fe216000.pixelvalve (ops vc4_crtc_ops [vc4])
Sep 21 20:43:00 raspberrypi kernel: [   10.444343] vc4-drm gpu: bound fec12000.pixelvalve (ops vc4_crtc_ops [vc4])
Sep 21 20:43:00 raspberrypi kernel: [   10.498434] [drm] Initialized vc4 0.0.0 20140616 for gpu on minor 1
Sep 21 20:43:01 raspberrypi kernel: [   10.587802] Console: switching to colour frame buffer device 240x75
Sep 21 20:43:01 raspberrypi kernel: [   10.592103] vc4-drm gpu: [drm] fb0: vc4drmfb frame buffer device
Sep 21 20:43:01 raspberrypi kernel: [   10.682457] brcmfmac: brcmf_cfg80211_set_power_mgmt: power save enabled
Sep 21 20:43:05 raspberrypi kernel: [   14.697474] hdmi-audio-codec hdmi-audio-codec.1.auto: ASoC: error at snd_soc_dai_startup on i2s-hifi: -19
Sep 21 20:43:05 raspberrypi kernel: [   14.697500]  MAI: soc_pcm_open() failed (-19)
Sep 21 20:43:05 raspberrypi kernel: [   14.698312] hdmi-audio-codec hdmi-audio-codec.1.auto: ASoC: error at snd_soc_dai_startup on i2s-hifi: -19
Sep 21 20:43:05 raspberrypi kernel: [   14.698338]  MAI: soc_pcm_open() failed (-19)
Sep 21 20:43:05 raspberrypi kernel: [   14.698988] hdmi-audio-codec hdmi-audio-codec.1.auto: ASoC: error at snd_soc_dai_startup on i2s-hifi: -19
Sep 21 20:43:05 raspberrypi kernel: [   14.699011]  MAI: soc_pcm_open() failed (-19)
Sep 21 20:43:05 raspberrypi kernel: [   14.708317] hdmi-audio-codec hdmi-audio-codec.1.auto: ASoC: error at snd_soc_dai_startup on i2s-hifi: -19
Sep 21 20:43:05 raspberrypi kernel: [   14.708349]  MAI: soc_pcm_open() failed (-19)
Sep 21 20:43:05 raspberrypi kernel: [   14.708666] hdmi-audio-codec hdmi-audio-codec.1.auto: ASoC: error at snd_soc_dai_startup on i2s-hifi: -19
Sep 21 20:43:05 raspberrypi kernel: [   14.708686]  MAI: soc_pcm_open() failed (-19)
Sep 21 20:43:05 raspberrypi kernel: [   14.708980] hdmi-audio-codec hdmi-audio-codec.1.auto: ASoC: error at snd_soc_dai_startup on i2s-hifi: -19
Sep 21 20:43:05 raspberrypi kernel: [   14.709000]  MAI: soc_pcm_open() failed (-19)
Sep 21 20:43:05 raspberrypi kernel: [   14.928853] Bluetooth: Core ver 2.22
Sep 21 20:43:05 raspberrypi kernel: [   14.928926] NET: Registered PF_BLUETOOTH protocol family
Sep 21 20:43:05 raspberrypi kernel: [   14.928932] Bluetooth: HCI device and connection manager initialized
Sep 21 20:43:05 raspberrypi kernel: [   14.928948] Bluetooth: HCI socket layer initialized
Sep 21 20:43:05 raspberrypi kernel: [   14.928956] Bluetooth: L2CAP socket layer initialized
Sep 21 20:43:05 raspberrypi kernel: [   14.928969] Bluetooth: SCO socket layer initialized
Sep 21 20:43:05 raspberrypi kernel: [   15.125325] Bluetooth: HCI UART driver ver 2.3
Sep 21 20:43:05 raspberrypi kernel: [   15.125344] Bluetooth: HCI UART protocol H4 registered
Sep 21 20:43:05 raspberrypi kernel: [   15.125417] Bluetooth: HCI UART protocol Three-wire (H5) registered
Sep 21 20:43:05 raspberrypi kernel: [   15.125844] Bluetooth: HCI UART protocol Broadcom registered
Sep 21 20:43:06 raspberrypi kernel: [   15.885269] Bluetooth: BNEP (Ethernet Emulation) ver 1.3
Sep 21 20:43:06 raspberrypi kernel: [   15.885283] Bluetooth: BNEP filters: protocol multicast
Sep 21 20:43:06 raspberrypi kernel: [   15.885296] Bluetooth: BNEP socket layer initialized
Sep 21 20:43:06 raspberrypi kernel: [   15.907838] NET: Registered PF_ALG protocol family
Sep 21 20:43:06 raspberrypi kernel: [   15.943387] cryptd: max_cpu_qlen set to 1000
Sep 21 20:43:06 raspberrypi kernel: [   16.074644] Bluetooth: RFCOMM TTY layer initialized
Sep 21 20:43:06 raspberrypi kernel: [   16.074671] Bluetooth: RFCOMM socket layer initialized
Sep 21 20:43:06 raspberrypi kernel: [   16.074697] Bluetooth: RFCOMM ver 1.11
Sep 21 20:43:07 raspberrypi kernel: [   16.629153] IPv6: ADDRCONF(NETDEV_CHANGE): wlan0: link becomes ready
Sep 21 20:43:15 raspberrypi kernel: [   25.369832] v3d fec00000.v3d: MMU error from client L2T (0) at 0x2061000, pte invalid
Sep 21 20:43:22 raspberrypi kernel: [   31.834268] cam-dummy-reg: disabling
Nov 23 17:48:19 raspberrypi kernel: [    0.000000] Booting Linux on physical CPU 0x0
Nov 23 17:48:19 raspberrypi kernel: [    0.000000] Linux version 5.15.61-v7l+ (dom@buildbot) (arm-linux-gnueabihf-gcc-8 (Ubuntu/Linaro 8.4.0-3ubuntu1) 8.4.0, GNU ld (GNU Binutils for Ubuntu) 2.34) #1579 SMP Fri Aug 26 11:13:03 BST 2022
Nov 23 17:48:19 raspberrypi kernel: [    0.000000] CPU: ARMv7 Processor [410fd083] revision 3 (ARMv7), cr=30c5383d
Nov 23 17:48:19 raspberrypi kernel: [    0.000000] CPU: div instructions available: patching division code
Nov 23 17:48:19 raspberrypi kernel: [    0.000000] CPU: PIPT / VIPT nonaliasing data cache, PIPT instruction cache
Nov 23 17:48:19 raspberrypi kernel: [    0.000000] OF: fdt: Machine model: Raspberry Pi 4 Model B Rev 1.5
Nov 23 17:48:19 raspberrypi kernel: [    0.000000] random: crng init done
Nov 23 17:48:19 raspberrypi kernel: [    0.000000] Memory policy: Data cache writealloc
Nov 23 17:48:19 raspberrypi kernel: [    0.000000] Reserved memory: created CMA memory pool at 0x000000001ac00000, size 320 MiB
Nov 23 17:48:19 raspberrypi kernel: [    0.000000] OF: reserved mem: initialized node linux,cma, compatible id shared-dma-pool
Nov 23 17:48:19 raspberrypi kernel: [    0.000000] Zone ranges:
Nov 23 17:48:19 raspberrypi kernel: [    0.000000]   DMA      [mem 0x0000000000000000-0x000000002fffffff]
Nov 23 17:48:19 raspberrypi kernel: [    0.000000]   Normal   empty
Nov 23 17:48:19 raspberrypi kernel: [    0.000000]   HighMem  [mem 0x0000000030000000-0x00000001ffffffff]
Nov 23 17:48:19 raspberrypi kernel: [    0.000000] Movable zone start for each node
Nov 23 17:48:19 raspberrypi kernel: [    0.000000] Early memory node ranges
Nov 23 17:48:19 raspberrypi kernel: [    0.000000]   node   0: [mem 0x0000000000000000-0x000000003b3fffff]
Nov 23 17:48:19 raspberrypi kernel: [    0.000000]   node   0: [mem 0x0000000040000000-0x00000000fbffffff]
Nov 23 17:48:19 raspberrypi kernel: [    0.000000]   node   0: [mem 0x0000000100000000-0x00000001ffffffff]
Nov 23 17:48:19 raspberrypi kernel: [    0.000000] Initmem setup node 0 [mem 0x0000000000000000-0x00000001ffffffff]
Nov 23 17:48:19 raspberrypi kernel: [    0.000000] percpu: Embedded 16 pages/cpu s35788 r8192 d21556 u65536
Nov 23 17:48:19 raspberrypi kernel: [    0.000000] pcpu-alloc: s35788 r8192 d21556 u65536 alloc=16*4096
Nov 23 17:48:19 raspberrypi kernel: [    0.000000] pcpu-alloc: [0] 0 [0] 1 [0] 2 [0] 3 
Nov 23 17:48:19 raspberrypi kernel: [    0.000000] Built 1 zonelists, mobility grouping on.  Total pages: 2059584
Nov 23 17:48:19 raspberrypi kernel: [    0.000000] Kernel command line: coherent_pool=1M 8250.nr_uarts=0 snd_bcm2835.enable_compat_alsa=0 snd_bcm2835.enable_hdmi=1 video=HDMI-A-1:1920x1200M@60 smsc95xx.macaddr=E4:5F:01:DA:FF:30 vc_mem.mem_base=0x3ec00000 vc_mem.mem_size=0x40000000  console=ttyS0,115200 console=tty1 root=PARTUUID=c8e52268-02 rootfstype=ext4 fsck.repair=yes rootwait quiet splash plymouth.ignore-serial-consoles
Nov 23 17:48:19 raspberrypi kernel: [    0.000000] Unknown kernel command line parameters "splash", will be passed to user space.
Nov 23 17:48:19 raspberrypi kernel: [    0.000000] Dentry cache hash table entries: 131072 (order: 7, 524288 bytes, linear)
Nov 23 17:48:19 raspberrypi kernel: [    0.000000] Inode-cache hash table entries: 65536 (order: 6, 262144 bytes, linear)
Nov 23 17:48:19 raspberrypi kernel: [    0.000000] mem auto-init: stack:off, heap alloc:off, heap free:off
Nov 23 17:48:19 raspberrypi kernel: [    0.000000] software IO TLB: mapped [mem 0x0000000012400000-0x0000000016400000] (64MB)
Nov 23 17:48:19 raspberrypi kernel: [    0.000000] Memory: 7758764K/8245248K available (10240K kernel code, 1385K rwdata, 3304K rodata, 2048K init, 592K bss, 158804K reserved, 327680K cma-reserved, 7458816K highmem)
Nov 23 17:48:19 raspberrypi kernel: [    0.000000] SLUB: HWalign=64, Order=0-3, MinObjects=0, CPUs=4, Nodes=1
Nov 23 17:48:19 raspberrypi kernel: [    0.000000] ftrace: allocating 35501 entries in 105 pages
Nov 23 17:48:19 raspberrypi kernel: [    0.000000] ftrace: allocated 105 pages with 4 groups
Nov 23 17:48:19 raspberrypi kernel: [    0.000000] trace event string verifier disabled
Nov 23 17:48:19 raspberrypi kernel: [    0.000000] rcu: Hierarchical RCU implementation.
Nov 23 17:48:19 raspberrypi kernel: [    0.000000] 	Rude variant of Tasks RCU enabled.
Nov 23 17:48:19 raspberrypi kernel: [    0.000000] 	Tracing variant of Tasks RCU enabled.
Nov 23 17:48:19 raspberrypi kernel: [    0.000000] rcu: RCU calculated value of scheduler-enlistment delay is 10 jiffies.
Nov 23 17:48:19 raspberrypi kernel: [    0.000000] NR_IRQS: 16, nr_irqs: 16, preallocated irqs: 16
Nov 23 17:48:19 raspberrypi kernel: [    0.000000] GIC: Using split EOI/Deactivate mode
Nov 23 17:48:19 raspberrypi kernel: [    0.000000] irq_brcmstb_l2: registered L2 intc (/soc/interrupt-controller@7ef00100, parent irq: 25)
Nov 23 17:48:19 raspberrypi kernel: [    0.000000] arch_timer: cp15 timer(s) running at 54.00MHz (phys).
Nov 23 17:48:19 raspberrypi kernel: [    0.000000] clocksource: arch_sys_counter: mask: 0xffffffffffffff max_cycles: 0xc743ce346, max_idle_ns: 440795203123 ns
Nov 23 17:48:19 raspberrypi kernel: [    0.000000] sched_clock: 56 bits at 54MHz, resolution 18ns, wraps every 4398046511102ns
Nov 23 17:48:19 raspberrypi kernel: [    0.000020] Switching to timer-based delay loop, resolution 18ns
Nov 23 17:48:19 raspberrypi kernel: [    0.000376] Console: colour dummy device 80x30
Nov 23 17:48:19 raspberrypi kernel: [    0.000443] printk: console [tty1] enabled
Nov 23 17:48:19 raspberrypi kernel: [    0.000510] Calibrating delay loop (skipped), value calculated using timer frequency.. 108.00 BogoMIPS (lpj=540000)
Nov 23 17:48:19 raspberrypi kernel: [    0.000540] pid_max: default: 32768 minimum: 301
Nov 23 17:48:19 raspberrypi kernel: [    0.000682] LSM: Security Framework initializing
Nov 23 17:48:19 raspberrypi kernel: [    0.000894] Mount-cache hash table entries: 2048 (order: 1, 8192 bytes, linear)
Nov 23 17:48:19 raspberrypi kernel: [    0.000925] Mountpoint-cache hash table entries: 2048 (order: 1, 8192 bytes, linear)
Nov 23 17:48:19 raspberrypi kernel: [    0.002535] cgroup: Disabling memory control group subsystem
Nov 23 17:48:19 raspberrypi kernel: [    0.002783] CPU: Testing write buffer coherency: ok
Nov 23 17:48:19 raspberrypi kernel: [    0.002845] CPU0: Spectre BHB: enabling loop workaround for all CPUs
Nov 23 17:48:19 raspberrypi kernel: [    0.003324] CPU0: thread -1, cpu 0, socket 0, mpidr 80000000
Nov 23 17:48:19 raspberrypi kernel: [    0.004713] Setting up static identity map for 0x200000 - 0x20003c
Nov 23 17:48:19 raspberrypi kernel: [    0.004918] rcu: Hierarchical SRCU implementation.
Nov 23 17:48:19 raspberrypi kernel: [    0.005954] smp: Bringing up secondary CPUs ...
Nov 23 17:48:19 raspberrypi kernel: [    0.007148] CPU1: thread -1, cpu 1, socket 0, mpidr 80000001
Nov 23 17:48:19 raspberrypi kernel: [    0.008498] CPU2: thread -1, cpu 2, socket 0, mpidr 80000002
Nov 23 17:48:19 raspberrypi kernel: [    0.009813] CPU3: thread -1, cpu 3, socket 0, mpidr 80000003
Nov 23 17:48:19 raspberrypi kernel: [    0.010054] smp: Brought up 1 node, 4 CPUs
Nov 23 17:48:19 raspberrypi kernel: [    0.010076] SMP: Total of 4 processors activated (432.00 BogoMIPS).
Nov 23 17:48:19 raspberrypi kernel: [    0.010096] CPU: All CPU(s) started in HYP mode.
Nov 23 17:48:19 raspberrypi kernel: [    0.010109] CPU: Virtualization extensions available.
Nov 23 17:48:19 raspberrypi kernel: [    0.010927] devtmpfs: initialized
Nov 23 17:48:19 raspberrypi kernel: [    0.026359] VFP support v0.3: implementor 41 architecture 3 part 40 variant 8 rev 0
Nov 23 17:48:19 raspberrypi kernel: [    0.026588] clocksource: jiffies: mask: 0xffffffff max_cycles: 0xffffffff, max_idle_ns: 19112604462750000 ns
Nov 23 17:48:19 raspberrypi kernel: [    0.026622] futex hash table entries: 1024 (order: 4, 65536 bytes, linear)
Nov 23 17:48:19 raspberrypi kernel: [    0.037185] pinctrl core: initialized pinctrl subsystem
Nov 23 17:48:19 raspberrypi kernel: [    0.038528] NET: Registered PF_NETLINK/PF_ROUTE protocol family
Nov 23 17:48:19 raspberrypi kernel: [    0.043167] DMA: preallocated 1024 KiB pool for atomic coherent allocations
Nov 23 17:48:19 raspberrypi kernel: [    0.043978] audit: initializing netlink subsys (disabled)
Nov 23 17:48:19 raspberrypi kernel: [    0.044249] audit: type=2000 audit(0.040:1): state=initialized audit_enabled=0 res=1
Nov 23 17:48:19 raspberrypi kernel: [    0.044930] thermal_sys: Registered thermal governor 'step_wise'
Nov 23 17:48:19 raspberrypi kernel: [    0.045747] hw-breakpoint: found 5 (+1 reserved) breakpoint and 4 watchpoint registers.
Nov 23 17:48:19 raspberrypi kernel: [    0.045770] hw-breakpoint: maximum watchpoint size is 8 bytes.
Nov 23 17:48:19 raspberrypi kernel: [    0.046195] Serial: AMBA PL011 UART driver
Nov 23 17:48:19 raspberrypi kernel: [    0.060158] bcm2835-mbox fe00b880.mailbox: mailbox enabled
Nov 23 17:48:19 raspberrypi kernel: [    0.100076] raspberrypi-firmware soc:firmware: Attached to firmware from 2022-08-26T14:03:16, variant start
Nov 23 17:48:19 raspberrypi kernel: [    0.110093] raspberrypi-firmware soc:firmware: Firmware hash is 102f1e848393c2112206fadffaaf86db04e98326
Nov 23 17:48:19 raspberrypi kernel: [    0.169124] Kprobes globally optimized
Nov 23 17:48:19 raspberrypi kernel: [    0.175274] bcm2835-dma fe007000.dma: DMA legacy API manager, dmachans=0x1
Nov 23 17:48:19 raspberrypi kernel: [    0.179935] vgaarb: loaded
Nov 23 17:48:19 raspberrypi kernel: [    0.180984] SCSI subsystem initialized
Nov 23 17:48:19 raspberrypi kernel: [    0.181234] usbcore: registered new interface driver usbfs
Nov 23 17:48:19 raspberrypi kernel: [    0.181297] usbcore: registered new interface driver hub
Nov 23 17:48:19 raspberrypi kernel: [    0.181382] usbcore: registered new device driver usb
Nov 23 17:48:19 raspberrypi kernel: [    0.181792] usb_phy_generic phy: supply vcc not found, using dummy regulator
Nov 23 17:48:19 raspberrypi kernel: [    0.181992] usb_phy_generic phy: dummy supplies not allowed for exclusive requests
Nov 23 17:48:19 raspberrypi kernel: [    0.182323] pps_core: LinuxPPS API ver. 1 registered
Nov 23 17:48:19 raspberrypi kernel: [    0.182338] pps_core: Software ver. 5.3.6 - Copyright 2005-2007 Rodolfo Giometti <giometti@linux.it>
Nov 23 17:48:19 raspberrypi kernel: [    0.182369] PTP clock support registered
Nov 23 17:48:19 raspberrypi kernel: [    0.184155] clocksource: Switched to clocksource arch_sys_counter
Nov 23 17:48:19 raspberrypi kernel: [    0.264925] VFS: Disk quotas dquot_6.6.0
Nov 23 17:48:19 raspberrypi kernel: [    0.265037] VFS: Dquot-cache hash table entries: 1024 (order 0, 4096 bytes)
Nov 23 17:48:19 raspberrypi kernel: [    0.265227] FS-Cache: Loaded
Nov 23 17:48:19 raspberrypi kernel: [    0.265448] CacheFiles: Loaded
Nov 23 17:48:19 raspberrypi kernel: [    0.266622] simple-framebuffer 3e330000.framebuffer: framebuffer at 0x3e330000, 0x8ca000 bytes
Nov 23 17:48:19 raspberrypi kernel: [    0.266645] simple-framebuffer 3e330000.framebuffer: format=a8r8g8b8, mode=1920x1200x32, linelength=7680
Nov 23 17:48:19 raspberrypi kernel: [    0.267225] Console: switching to colour frame buffer device 240x75
Nov 23 17:48:19 raspberrypi kernel: [    0.279139] simple-framebuffer 3e330000.framebuffer: fb0: simplefb registered!
Nov 23 17:48:19 raspberrypi kernel: [    0.289335] NET: Registered PF_INET protocol family
Nov 23 17:48:19 raspberrypi kernel: [    0.289608] IP idents hash table entries: 16384 (order: 5, 131072 bytes, linear)
Nov 23 17:48:19 raspberrypi kernel: [    0.291240] tcp_listen_portaddr_hash hash table entries: 512 (order: 0, 6144 bytes, linear)
Nov 23 17:48:19 raspberrypi kernel: [    0.291275] Table-perturb hash table entries: 65536 (order: 6, 262144 bytes, linear)
Nov 23 17:48:19 raspberrypi kernel: [    0.291300] TCP established hash table entries: 8192 (order: 3, 32768 bytes, linear)
Nov 23 17:48:19 raspberrypi kernel: [    0.291366] TCP bind hash table entries: 8192 (order: 4, 65536 bytes, linear)
Nov 23 17:48:19 raspberrypi kernel: [    0.291441] TCP: Hash tables configured (established 8192 bind 8192)
Nov 23 17:48:19 raspberrypi kernel: [    0.291608] UDP hash table entries: 512 (order: 2, 16384 bytes, linear)
Nov 23 17:48:19 raspberrypi kernel: [    0.291649] UDP-Lite hash table entries: 512 (order: 2, 16384 bytes, linear)
Nov 23 17:48:19 raspberrypi kernel: [    0.291919] NET: Registered PF_UNIX/PF_LOCAL protocol family
Nov 23 17:48:19 raspberrypi kernel: [    0.295180] RPC: Registered named UNIX socket transport module.
Nov 23 17:48:19 raspberrypi kernel: [    0.295198] RPC: Registered udp transport module.
Nov 23 17:48:19 raspberrypi kernel: [    0.295212] RPC: Registered tcp transport module.
Nov 23 17:48:19 raspberrypi kernel: [    0.295227] RPC: Registered tcp NFSv4.1 backchannel transport module.
Nov 23 17:48:19 raspberrypi kernel: [    0.295250] PCI: CLS 0 bytes, default 64
Nov 23 17:48:19 raspberrypi kernel: [    1.333979] hw perfevents: enabled with armv7_cortex_a7 PMU driver, 7 counters available
Nov 23 17:48:19 raspberrypi kernel: [    1.336749] Initialise system trusted keyrings
Nov 23 17:48:19 raspberrypi kernel: [    1.337074] workingset: timestamp_bits=14 max_order=21 bucket_order=7
Nov 23 17:48:19 raspberrypi kernel: [    1.346316] zbud: loaded
Nov 23 17:48:19 raspberrypi kernel: [    1.348329] FS-Cache: Netfs 'nfs' registered for caching
Nov 23 17:48:19 raspberrypi kernel: [    1.349211] NFS: Registering the id_resolver key type
Nov 23 17:48:19 raspberrypi kernel: [    1.349248] Key type id_resolver registered
Nov 23 17:48:19 raspberrypi kernel: [    1.349264] Key type id_legacy registered
Nov 23 17:48:19 raspberrypi kernel: [    1.349396] nfs4filelayout_init: NFSv4 File Layout Driver Registering...
Nov 23 17:48:19 raspberrypi kernel: [    1.349414] nfs4flexfilelayout_init: NFSv4 Flexfile Layout Driver Registering...
Nov 23 17:48:19 raspberrypi kernel: [    1.350535] Key type asymmetric registered
Nov 23 17:48:19 raspberrypi kernel: [    1.350554] Asymmetric key parser 'x509' registered
Nov 23 17:48:19 raspberrypi kernel: [    1.350786] bounce: pool size: 64 pages
Nov 23 17:48:19 raspberrypi kernel: [    1.350865] Block layer SCSI generic (bsg) driver version 0.4 loaded (major 247)
Nov 23 17:48:19 raspberrypi kernel: [    1.351107] io scheduler mq-deadline registered
Nov 23 17:48:19 raspberrypi kernel: [    1.351125] io scheduler kyber registered
Nov 23 17:48:19 raspberrypi kernel: [    1.360397] brcm-pcie fd500000.pcie: host bridge /scb/pcie@7d500000 ranges:
Nov 23 17:48:19 raspberrypi kernel: [    1.360440] brcm-pcie fd500000.pcie:   No bus range found for /scb/pcie@7d500000, using [bus 00-ff]
Nov 23 17:48:19 raspberrypi kernel: [    1.360535] brcm-pcie fd500000.pcie:      MEM 0x0600000000..0x063fffffff -> 0x00c0000000
Nov 23 17:48:19 raspberrypi kernel: [    1.360629] brcm-pcie fd500000.pcie:   IB MEM 0x0000000000..0x01ffffffff -> 0x0400000000
Nov 23 17:48:19 raspberrypi kernel: [    1.446260] brcm-pcie fd500000.pcie: link up, 5.0 GT/s PCIe x1 (SSC)
Nov 23 17:48:19 raspberrypi kernel: [    1.446651] brcm-pcie fd500000.pcie: PCI host bridge to bus 0000:00
Nov 23 17:48:19 raspberrypi kernel: [    1.446671] pci_bus 0000:00: root bus resource [bus 00-ff]
Nov 23 17:48:19 raspberrypi kernel: [    1.446694] pci_bus 0000:00: root bus resource [mem 0x600000000-0x63fffffff] (bus address [0xc0000000-0xffffffff])
Nov 23 17:48:19 raspberrypi kernel: [    1.446787] pci 0000:00:00.0: [14e4:2711] type 01 class 0x060400
Nov 23 17:48:19 raspberrypi kernel: [    1.447039] pci 0000:00:00.0: PME# supported from D0 D3hot
Nov 23 17:48:19 raspberrypi kernel: [    1.450756] PCI: bus0: Fast back to back transfers disabled
Nov 23 17:48:19 raspberrypi kernel: [    1.450781] pci 0000:00:00.0: bridge configuration invalid ([bus 00-00]), reconfiguring
Nov 23 17:48:19 raspberrypi kernel: [    1.451170] pci 0000:01:00.0: [1106:3483] type 00 class 0x0c0330
Nov 23 17:48:19 raspberrypi kernel: [    1.451300] pci 0000:01:00.0: reg 0x10: [mem 0x00000000-0x00000fff 64bit]
Nov 23 17:48:19 raspberrypi kernel: [    1.451766] pci 0000:01:00.0: PME# supported from D0 D3hot
Nov 23 17:48:19 raspberrypi kernel: [    1.455461] PCI: bus1: Fast back to back transfers disabled
Nov 23 17:48:19 raspberrypi kernel: [    1.455482] pci_bus 0000:01: busn_res: [bus 01-ff] end is updated to 01
